Archive member included to satisfy reference by file (symbol)

C:\Users\YuJin\STM32Cube\Repository\STM32Cube_FW_L4_V1.16.0\Drivers\CMSIS\DSP\Lib\GCC\libarm_cortexM4lf_math.a(arm_const_structs.o)
                              Core/Src/main.o (arm_cfft_sR_f32_len4096)
C:\Users\YuJin\STM32Cube\Repository\STM32Cube_FW_L4_V1.16.0\Drivers\CMSIS\DSP\Lib\GCC\libarm_cortexM4lf_math.a(arm_common_tables.o)
                              C:\Users\YuJin\STM32Cube\Repository\STM32Cube_FW_L4_V1.16.0\Drivers\CMSIS\DSP\Lib\GCC\libarm_cortexM4lf_math.a(arm_const_structs.o) (realCoefBQ15)
C:\Users\YuJin\STM32Cube\Repository\STM32Cube_FW_L4_V1.16.0\Drivers\CMSIS\DSP\Lib\GCC\libarm_cortexM4lf_math.a(arm_max_f32.o)
                              Core/Src/main.o (arm_max_f32)
C:\Users\YuJin\STM32Cube\Repository\STM32Cube_FW_L4_V1.16.0\Drivers\CMSIS\DSP\Lib\GCC\libarm_cortexM4lf_math.a(arm_cfft_f32.o)
                              Core/Src/main.o (arm_cfft_f32)
C:\Users\YuJin\STM32Cube\Repository\STM32Cube_FW_L4_V1.16.0\Drivers\CMSIS\DSP\Lib\GCC\libarm_cortexM4lf_math.a(arm_bitreversal2.o)
                              C:\Users\YuJin\STM32Cube\Repository\STM32Cube_FW_L4_V1.16.0\Drivers\CMSIS\DSP\Lib\GCC\libarm_cortexM4lf_math.a(arm_cfft_f32.o) (arm_bitreversal_32)
C:\Users\YuJin\STM32Cube\Repository\STM32Cube_FW_L4_V1.16.0\Drivers\CMSIS\DSP\Lib\GCC\libarm_cortexM4lf_math.a(arm_cmplx_mag_f32.o)
                              Core/Src/main.o (arm_cmplx_mag_f32)
C:\Users\YuJin\STM32Cube\Repository\STM32Cube_FW_L4_V1.16.0\Drivers\CMSIS\DSP\Lib\GCC\libarm_cortexM4lf_math.a(arm_cfft_radix8_f32.o)
                              C:\Users\YuJin\STM32Cube\Repository\STM32Cube_FW_L4_V1.16.0\Drivers\CMSIS\DSP\Lib\GCC\libarm_cortexM4lf_math.a(arm_cfft_f32.o) (arm_radix8_butterfly_f32)
c:/st/stm32cubeide_1.5.0/stm32cubeide/plugins/com.st.stm32cube.ide.mcu.externaltools.gnu-tools-for-stm32.7-2018-q2-update.win32_1.5.0.202011040924/tools/bin/../lib/gcc/arm-none-eabi/7.3.1/../../../../arm-none-eabi/lib/thumb/v7e-m/fpv4-sp/hard\libc_nano.a(lib_a-errno.o)
                              Core/Src/syscalls.o (__errno)
c:/st/stm32cubeide_1.5.0/stm32cubeide/plugins/com.st.stm32cube.ide.mcu.externaltools.gnu-tools-for-stm32.7-2018-q2-update.win32_1.5.0.202011040924/tools/bin/../lib/gcc/arm-none-eabi/7.3.1/../../../../arm-none-eabi/lib/thumb/v7e-m/fpv4-sp/hard\libc_nano.a(lib_a-exit.o)
                              c:/st/stm32cubeide_1.5.0/stm32cubeide/plugins/com.st.stm32cube.ide.mcu.externaltools.gnu-tools-for-stm32.7-2018-q2-update.win32_1.5.0.202011040924/tools/bin/../lib/gcc/arm-none-eabi/7.3.1/../../../../arm-none-eabi/lib/thumb/v7e-m/fpv4-sp/hard/crt0.o (exit)
c:/st/stm32cubeide_1.5.0/stm32cubeide/plugins/com.st.stm32cube.ide.mcu.externaltools.gnu-tools-for-stm32.7-2018-q2-update.win32_1.5.0.202011040924/tools/bin/../lib/gcc/arm-none-eabi/7.3.1/../../../../arm-none-eabi/lib/thumb/v7e-m/fpv4-sp/hard\libc_nano.a(lib_a-impure.o)
                              c:/st/stm32cubeide_1.5.0/stm32cubeide/plugins/com.st.stm32cube.ide.mcu.externaltools.gnu-tools-for-stm32.7-2018-q2-update.win32_1.5.0.202011040924/tools/bin/../lib/gcc/arm-none-eabi/7.3.1/../../../../arm-none-eabi/lib/thumb/v7e-m/fpv4-sp/hard\libc_nano.a(lib_a-exit.o) (_global_impure_ptr)
c:/st/stm32cubeide_1.5.0/stm32cubeide/plugins/com.st.stm32cube.ide.mcu.externaltools.gnu-tools-for-stm32.7-2018-q2-update.win32_1.5.0.202011040924/tools/bin/../lib/gcc/arm-none-eabi/7.3.1/../../../../arm-none-eabi/lib/thumb/v7e-m/fpv4-sp/hard\libc_nano.a(lib_a-init.o)
                              c:/st/stm32cubeide_1.5.0/stm32cubeide/plugins/com.st.stm32cube.ide.mcu.externaltools.gnu-tools-for-stm32.7-2018-q2-update.win32_1.5.0.202011040924/tools/bin/../lib/gcc/arm-none-eabi/7.3.1/../../../../arm-none-eabi/lib/thumb/v7e-m/fpv4-sp/hard/crt0.o (__libc_init_array)
c:/st/stm32cubeide_1.5.0/stm32cubeide/plugins/com.st.stm32cube.ide.mcu.externaltools.gnu-tools-for-stm32.7-2018-q2-update.win32_1.5.0.202011040924/tools/bin/../lib/gcc/arm-none-eabi/7.3.1/../../../../arm-none-eabi/lib/thumb/v7e-m/fpv4-sp/hard\libc_nano.a(lib_a-malloc.o)
                              Middlewares/ST/STM32_USB_Host_Library/Class/CDC/Src/usbh_cdc.o (malloc)
c:/st/stm32cubeide_1.5.0/stm32cubeide/plugins/com.st.stm32cube.ide.mcu.externaltools.gnu-tools-for-stm32.7-2018-q2-update.win32_1.5.0.202011040924/tools/bin/../lib/gcc/arm-none-eabi/7.3.1/../../../../arm-none-eabi/lib/thumb/v7e-m/fpv4-sp/hard\libc_nano.a(lib_a-memcpy-stub.o)
                              Core/Src/display.o (memcpy)
c:/st/stm32cubeide_1.5.0/stm32cubeide/plugins/com.st.stm32cube.ide.mcu.externaltools.gnu-tools-for-stm32.7-2018-q2-update.win32_1.5.0.202011040924/tools/bin/../lib/gcc/arm-none-eabi/7.3.1/../../../../arm-none-eabi/lib/thumb/v7e-m/fpv4-sp/hard\libc_nano.a(lib_a-memset.o)
[...]
Memory Configuration

Name             Origin             Length             Attributes
RAM              0x0000000020000000 0x0000000000018000 xrw
RAM2             0x0000000010000000 0x0000000000008000 xrw
FLASH            0x0000000008000000 0x0000000000100000 xr
*default*        0x0000000000000000 0xffffffffffffffff

Linker script and memory map

LOAD c:/st/stm32cubeide_1.5.0/stm32cubeide/plugins/com.st.stm32cube.ide.mcu.externaltools.gnu-tools-for-stm32.7-2018-q2-update.win32_1.5.0.202011040924/tools/bin/../lib/gcc/arm-none-eabi/7.3.1/thumb/v7e-m/fpv4-sp/hard/crti.o
LOAD c:/st/stm32cubeide_1.5.0/stm32cubeide/plugins/com.st.stm32cube.ide.mcu.externaltools.gnu-tools-for-stm32.7-2018-q2-update.win32_1.5.0.202011040924/tools/bin/../lib/gcc/arm-none-eabi/7.3.1/thumb/v7e-m/fpv4-sp/hard/crtbegin.o
LOAD c:/st/stm32cubeide_1.5.0/stm32cubeide/plugins/com.st.stm32cube.ide.mcu.externaltools.gnu-tools-for-stm32.7-2018-q2-update.win32_1.5.0.202011040924/tools/bin/../lib/gcc/arm-none-eabi/7.3.1/../../../../arm-none-eabi/lib/thumb/v7e-m/fpv4-sp/hard/crt0.o
LOAD Core/Src/adc.o
LOAD Core/Src/communication.o
LOAD Core/Src/display.o
LOAD Core/Src/gpio.o
LOAD Core/Src/i2c.o
LOAD Core/Src/lcd.o
LOAD Core/Src/main.o
LOAD Core/Src/quadspi.o
LOAD Core/Src/sai.o
LOAD Core/Src/spi.o
LOAD Core/Src/stm32l476g_discovery.o
LOAD Core/Src/stm32l476g_discovery_glass_lcd.o
LOAD Core/Src/stm32l4xx_hal_msp.o
LOAD Core/Src/stm32l4xx_it.o
LOAD Core/Src/syscalls.o
LOAD Core/Src/sysmem.o
LOAD Core/Src/system_stm32l4xx.o
LOAD Core/Src/tim.o
LOAD Core/Src/usart.o
LOAD Core/Startup/startup_stm32l476vgtx.o
LOAD Drivers/STM32L4xx_HAL_Driver/Src/stm32l4xx_hal.o
LOAD Drivers/STM32L4xx_HAL_Driver/Src/stm32l4xx_hal_adc.o
LOAD Drivers/STM32L4xx_HAL_Driver/Src/stm32l4xx_hal_adc_ex.o
LOAD Drivers/STM32L4xx_HAL_Driver/Src/stm32l4xx_hal_cortex.o
LOAD Drivers/STM32L4xx_HAL_Driver/Src/stm32l4xx_hal_dma.o
LOAD Drivers/STM32L4xx_HAL_Driver/Src/stm32l4xx_hal_dma_ex.o
LOAD Drivers/STM32L4xx_HAL_Driver/Src/stm32l4xx_hal_exti.o
LOAD Drivers/STM32L4xx_HAL_Driver/Src/stm32l4xx_hal_flash.o
LOAD Drivers/STM32L4xx_HAL_Driver/Src/stm32l4xx_hal_flash_ex.o
LOAD Drivers/STM32L4xx_HAL_Driver/Src/stm32l4xx_hal_flash_ramfunc.o
LOAD Drivers/STM32L4xx_HAL_Driver/Src/stm32l4xx_hal_gpio.o
LOAD Drivers/STM32L4xx_HAL_Driver/Src/stm32l4xx_hal_hcd.o
LOAD Drivers/STM32L4xx_HAL_Driver/Src/stm32l4xx_hal_i2c.o
LOAD Drivers/STM32L4xx_HAL_Driver/Src/stm32l4xx_hal_i2c_ex.o
LOAD Drivers/STM32L4xx_HAL_Driver/Src/stm32l4xx_hal_lcd.o
LOAD Drivers/STM32L4xx_HAL_Driver/Src/stm32l4xx_hal_pwr.o
LOAD Drivers/STM32L4xx_HAL_Driver/Src/stm32l4xx_hal_pwr_ex.o
LOAD Drivers/STM32L4xx_HAL_Driver/Src/stm32l4xx_hal_qspi.o
LOAD Drivers/STM32L4xx_HAL_Driver/Src/stm32l4xx_hal_rcc.o
LOAD Drivers/STM32L4xx_HAL_Driver/Src/stm32l4xx_hal_rcc_ex.o
LOAD Drivers/STM32L4xx_HAL_Driver/Src/stm32l4xx_hal_sai.o
LOAD Drivers/STM32L4xx_HAL_Driver/Src/stm32l4xx_hal_sai_ex.o
LOAD Drivers/STM32L4xx_HAL_Driver/Src/stm32l4xx_hal_spi.o
LOAD Drivers/STM32L4xx_HAL_Driver/Src/stm32l4xx_hal_spi_ex.o
LOAD Drivers/STM32L4xx_HAL_Driver/Src/stm32l4xx_hal_tim.o
LOAD Drivers/STM32L4xx_HAL_Driver/Src/stm32l4xx_hal_tim_ex.o
LOAD Drivers/STM32L4xx_HAL_Driver/Src/stm32l4xx_hal_uart.o
LOAD Drivers/STM32L4xx_HAL_Driver/Src/stm32l4xx_hal_uart_ex.o
LOAD Drivers/STM32L4xx_HAL_Driver/Src/stm32l4xx_ll_usb.o
LOAD Middlewares/ST/STM32_USB_Host_Library/Class/CDC/Src/usbh_cdc.o
LOAD Middlewares/ST/STM32_USB_Host_Library/Core/Src/usbh_core.o
LOAD Middlewares/ST/STM32_USB_Host_Library/Core/Src/usbh_ctlreq.o
LOAD Middlewares/ST/STM32_USB_Host_Library/Core/Src/usbh_ioreq.o
LOAD Middlewares/ST/STM32_USB_Host_Library/Core/Src/usbh_pipes.o
LOAD USB_HOST/App/usb_host.o
LOAD USB_HOST/Target/usbh_conf.o
LOAD USB_HOST/Target/usbh_platform.o
LOAD C:\Users\YuJin\STM32Cube\Repository\STM32Cube_FW_L4_V1.16.0\Drivers\CMSIS\DSP\Lib\GCC\libarm_cortexM4lf_math.a
START GROUP
LOAD c:/st/stm32cubeide_1.5.0/stm32cubeide/plugins/com.st.stm32cube.ide.mcu.externaltools.gnu-tools-for-stm32.7-2018-q2-update.win32_1.5.0.202011040924/tools/bin/../lib/gcc/arm-none-eabi/7.3.1/../../../../arm-none-eabi/lib/thumb/v7e-m/fpv4-sp/hard\libc_nano.a
LOAD c:/st/stm32cubeide_1.5.0/stm32cubeide/plugins/com.st.stm32cube.ide.mcu.externaltools.gnu-tools-for-stm32.7-2018-q2-update.win32_1.5.0.202011040924/tools/bin/../lib/gcc/arm-none-eabi/7.3.1/../../../../arm-none-eabi/lib/thumb/v7e-m/fpv4-sp/hard\libm.a
END GROUP
START GROUP
LOAD c:/st/stm32cubeide_1.5.0/stm32cubeide/plugins/com.st.stm32cube.ide.mcu.externaltools.gnu-tools-for-stm32.7-2018-q2-update.win32_1.5.0.202011040924/tools/bin/../lib/gcc/arm-none-eabi/7.3.1/thumb/v7e-m/fpv4-sp/hard\libgcc.a
LOAD c:/st/stm32cubeide_1.5.0/stm32cubeide/plugins/com.st.stm32cube.ide.mcu.externaltools.gnu-tools-for-stm32.7-2018-q2-update.win32_1.5.0.202011040924/tools/bin/../lib/gcc/arm-none-eabi/7.3.1/../../../../arm-none-eabi/lib/thumb/v7e-m/fpv4-sp/hard\libc_nano.a
END GROUP
START GROUP
LOAD c:/st/stm32cubeide_1.5.0/stm32cubeide/plugins/com.st.stm32cube.ide.mcu.externaltools.gnu-tools-for-stm32.7-2018-q2-update.win32_1.5.0.202011040924/tools/bin/../lib/gcc/arm-none-eabi/7.3.1/thumb/v7e-m/fpv4-sp/hard\libgcc.a
LOAD c:/st/stm32cubeide_1.5.0/stm32cubeide/plugins/com.st.stm32cube.ide.mcu.externaltools.gnu-tools-for-stm32.7-2018-q2-update.win32_1.5.0.202011040924/tools/bin/../lib/gcc/arm-none-eabi/7.3.1/../../../../arm-none-eabi/lib/thumb/v7e-m/fpv4-sp/hard\libc_nano.a
LOAD c:/st/stm32cubeide_1.5.0/stm32cubeide/plugins/com.st.stm32cube.ide.mcu.externaltools.gnu-tools-for-stm32.7-2018-q2-update.win32_1.5.0.202011040924/tools/bin/../lib/gcc/arm-none-eabi/7.3.1/../../../../arm-none-eabi/lib/thumb/v7e-m/fpv4-sp/hard\libnosys.a
END GROUP
START GROUP
LOAD c:/st/stm32cubeide_1.5.0/stm32cubeide/plugins/com.st.stm32cube.ide.mcu.externaltools.gnu-tools-for-stm32.7-2018-q2-update.win32_1.5.0.202011040924/tools/bin/../lib/gcc/arm-none-eabi/7.3.1/thumb/v7e-m/fpv4-sp/hard\libgcc.a
LOAD c:/st/stm32cubeide_1.5.0/stm32cubeide/plugins/com.st.stm32cube.ide.mcu.externaltools.gnu-tools-for-stm32.7-2018-q2-update.win32_1.5.0.202011040924/tools/bin/../lib/gcc/arm-none-eabi/7.3.1/../../../../arm-none-eabi/lib/thumb/v7e-m/fpv4-sp/hard\libc_nano.a
LOAD c:/st/stm32cubeide_1.5.0/stm32cubeide/plugins/com.st.stm32cube.ide.mcu.externaltools.gnu-tools-for-stm32.7-2018-q2-update.win32_1.5.0.202011040924/tools/bin/../lib/gcc/arm-none-eabi/7.3.1/../../../../arm-none-eabi/lib/thumb/v7e-m/fpv4-sp/hard\libnosys.a
END GROUP
LOAD c:/st/stm32cubeide_1.5.0/stm32cubeide/plugins/com.st.stm32cube.ide.mcu.externaltools.gnu-tools-for-stm32.7-2018-q2-update.win32_1.5.0.202011040924/tools/bin/../lib/gcc/arm-none-eabi/7.3.1/thumb/v7e-m/fpv4-sp/hard/crtend.o
LOAD c:/st/stm32cubeide_1.5.0/stm32cubeide/plugins/com.st.stm32cube.ide.mcu.externaltools.gnu-tools-for-stm32.7-2018-q2-update.win32_1.5.0.202011040924/tools/bin/../lib/gcc/arm-none-eabi/7.3.1/thumb/v7e-m/fpv4-sp/hard/crtn.o
                0x0000000020018000                _estack = (ORIGIN (RAM) + LENGTH (RAM))
                0x0000000000000200                _Min_Heap_Size = 0x200
                0x0000000000000400                _Min_Stack_Size = 0x400

.isr_vector     0x0000000008000000      0x188
                0x0000000008000000                . = ALIGN (0x4)
 *(.isr_vector)
 .isr_vector    0x0000000008000000      0x188 Core/Startup/startup_stm32l476vgtx.o
                0x0000000008000000                g_pfnVectors
                0x0000000008000188                . = ALIGN (0x4)

.text           0x0000000008000190     0xf59c
                0x0000000008000190                . = ALIGN (0x4)
 *(.text)
 .text          0x0000000008000190       0x40 c:/st/stm32cubeide_1.5.0/stm32cubeide/plugins/com.st.stm32cube.ide.mcu.externaltools.gnu-tools-for-stm32.7-2018-q2-update.win32_1.5.0.202011040924/tools/bin/../lib/gcc/arm-none-eabi/7.3.1/thumb/v7e-m/fpv4-sp/hard/crtbegin.o
 .text          0x00000000080001d0       0xa0 c:/st/stm32cubeide_1.5.0/stm32cubeide/plugins/com.st.stm32cube.ide.mcu.externaltools.gnu-tools-for-stm32.7-2018-q2-update.win32_1.5.0.202011040924/tools/bin/../lib/gcc/arm-none-eabi/7.3.1/../../../../arm-none-eabi/lib/thumb/v7e-m/fpv4-sp/hard\libc_nano.a(lib_a-memchr.o)
                0x00000000080001d0                memchr
 .text          0x0000000008000270      0x378 c:/st/stm32cubeide_1.5.0/stm32cubeide/plugins/com.st.stm32cube.ide.mcu.externaltools.gnu-tools-for-stm32.7-2018-q2-update.win32_1.5.0.202011040924/tools/bin/../lib/gcc/arm-none-eabi/7.3.1/thumb/v7e-m/fpv4-sp/hard\libgcc.a(_arm_addsubdf3.o)
                0x0000000008000270                __aeabi_drsub
                0x0000000008000278                __aeabi_dsub
                0x0000000008000278                __subdf3
                0x000000000800027c                __aeabi_dadd
                0x000000000800027c                __adddf3
                0x00000000080004f4                __floatunsidf
                0x00000000080004f4                __aeabi_ui2d
                0x0000000008000514                __floatsidf
                0x0000000008000514                __aeabi_i2d
                0x0000000008000538                __aeabi_f2d
                0x0000000008000538                __extendsfdf2
                0x000000000800057c                __floatundidf
                0x000000000800057c                __aeabi_ul2d
                0x000000000800058c                __floatdidf
                0x000000000800058c                __aeabi_l2d
 .text          0x00000000080005e8      0x424 c:/st/stm32cubeide_1.5.0/stm32cubeide/plugins/com.st.stm32cube.ide.mcu.externaltools.gnu-tools-for-stm32.7-2018-q2-update.win32_1.5.0.202011040924/tools/bin/../lib/gcc/arm-none-eabi/7.3.1/thumb/v7e-m/fpv4-sp/hard\libgcc.a(_arm_muldivdf3.o)
                0x00000000080005e8                __aeabi_dmul
                0x00000000080005e8                __muldf3
                0x000000000800083c                __divdf3
                0x000000000800083c                __aeabi_ddiv
 .text          0x0000000008000a0c       0x50 c:/st/stm32cubeide_1.5.0/stm32cubeide/plugins/com.st.stm32cube.ide.mcu.externaltools.gnu-tools-for-stm32.7-2018-q2-update.win32_1.5.0.202011040924/tools/bin/../lib/gcc/arm-none-eabi/7.3.1/thumb/v7e-m/fpv4-sp/hard\libgcc.a(_arm_fixdfsi.o)
                0x0000000008000a0c                __aeabi_d2iz
                0x0000000008000a0c                __fixdfsi
 .text          0x0000000008000a5c       0xa0 c:/st/stm32cubeide_1.5.0/stm32cubeide/plugins/com.st.stm32cube.ide.mcu.externaltools.gnu-tools-for-stm32.7-2018-q2-update.win32_1.5.0.202011040924/tools/bin/../lib/gcc/arm-none-eabi/7.3.1/thumb/v7e-m/fpv4-sp/hard\libgcc.a(_arm_truncdfsf2.o)
                0x0000000008000a5c                __truncdfsf2
                0x0000000008000a5c                __aeabi_d2f
 .text          0x0000000008000afc       0x30 c:/st/stm32cubeide_1.5.0/stm32cubeide/plugins/com.st.stm32cube.ide.mcu.externaltools.gnu-tools-for-stm32.7-2018-q2-update.win32_1.5.0.202011040924/tools/bin/../lib/gcc/arm-none-eabi/7.3.1/thumb/v7e-m/fpv4-sp/hard\libgcc.a(_aeabi_uldivmod.o)
                0x0000000008000afc                __aeabi_uldivmod
 .text          0x0000000008000b2c      0x2cc c:/st/stm32cubeide_1.5.0/stm32cubeide/plugins/com.st.stm32cube.ide.mcu.externaltools.gnu-tools-for-stm32.7-2018-q2-update.win32_1.5.0.202011040924/tools/bin/../lib/gcc/arm-none-eabi/7.3.1/thumb/v7e-m/fpv4-sp/hard\libgcc.a(_udivmoddi4.o)
                0x0000000008000b2c                __udivmoddi4
 .text          0x0000000008000df8        0x4 c:/st/stm32cubeide_1.5.0/stm32cubeide/plugins/com.st.stm32cube.ide.mcu.externaltools.gnu-tools-for-stm32.7-2018-q2-update.win32_1.5.0.202011040924/tools/bin/../lib/gcc/arm-none-eabi/7.3.1/thumb/v7e-m/fpv4-sp/hard\libgcc.a(_dvmd_tls.o)
                0x0000000008000df8                __aeabi_idiv0
                0x0000000008000df8                __aeabi_ldiv0
 *(.text*)
 .text.MX_ADC1_Init
                0x0000000008000dfc       0xec Core/Src/adc.o
                0x0000000008000dfc                MX_ADC1_Init
 .text.HAL_ADC_MspInit
                0x0000000008000ee8       0xc0 Core/Src/adc.o
                0x0000000008000ee8                HAL_ADC_MspInit
 .text.HAL_ADC_ConvCpltCallback
                0x0000000008000fa8       0xc0 Core/Src/adc.o
                0x0000000008000fa8                HAL_ADC_ConvCpltCallback
 .text.__io_putchar
                0x0000000008001068       0x24 Core/Src/communication.o
                0x0000000008001068                __io_putchar
 .text.MX_GPIO_Init
                0x000000000800108c      0x2e4 Core/Src/gpio.o
                0x000000000800108c                MX_GPIO_Init
 .text.MX_I2C2_Init
                0x0000000008001370       0x80 Core/Src/i2c.o
                0x0000000008001370                MX_I2C2_Init
 .text.HAL_I2C_MspInit
                0x00000000080013f0       0x88 Core/Src/i2c.o
                0x00000000080013f0                HAL_I2C_MspInit
 .text.MX_LCD_Init
                0x0000000008001478       0x70 Core/Src/lcd.o
                0x0000000008001478                MX_LCD_Init
 .text.HAL_LCD_MspInit
                0x00000000080014e8      0x144 Core/Src/lcd.o
                0x00000000080014e8                HAL_LCD_MspInit
 .text.main     0x000000000800162c       0xd4 Core/Src/main.o
                0x000000000800162c                main
 .text.SystemClock_Config
                0x0000000008001700      0x134 Core/Src/main.o
                0x0000000008001700                SystemClock_Config
 .text.HAL_GPIO_EXTI_Callback
                0x0000000008001834       0x16 Core/Src/main.o
                0x0000000008001834                HAL_GPIO_EXTI_Callback
 *fill*         0x000000000800184a        0x6 
 .text.dfft     0x0000000008001850      0x1a4 Core/Src/main.o
                0x0000000008001850                dfft
 .text.Error_Handler
                0x00000000080019f4        0xe Core/Src/main.o
                0x00000000080019f4                Error_Handler
 *fill*         0x0000000008001a02        0x2 
 .text.MX_QUADSPI_Init
                0x0000000008001a04       0x4c Core/Src/quadspi.o
                0x0000000008001a04                MX_QUADSPI_Init
 .text.HAL_QSPI_MspInit
                0x0000000008001a50       0x88 Core/Src/quadspi.o
                0x0000000008001a50                HAL_QSPI_MspInit
 .text.MX_SAI1_Init
                0x0000000008001ad8      0x150 Core/Src/sai.o
                0x0000000008001ad8                MX_SAI1_Init
 .text.HAL_SAI_MspInit
                0x0000000008001c28       0xf0 Core/Src/sai.o
                0x0000000008001c28                HAL_SAI_MspInit
 .text.MX_SPI2_Init
                0x0000000008001d18       0x7c Core/Src/spi.o
                0x0000000008001d18                MX_SPI2_Init
 .text.HAL_SPI_MspInit
                0x0000000008001d94       0x88 Core/Src/spi.o
                0x0000000008001d94                HAL_SPI_MspInit
 .text.BSP_LCD_GLASS_Init
                0x0000000008001e1c       0x74 Core/Src/stm32l476g_discovery_glass_lcd.o
                0x0000000008001e1c                BSP_LCD_GLASS_Init
 .text.BSP_LCD_GLASS_Clear
                0x0000000008001e90       0x14 Core/Src/stm32l476g_discovery_glass_lcd.o
                0x0000000008001e90                BSP_LCD_GLASS_Clear
 .text.LCD_MspInit
                0x0000000008001ea4      0x18c Core/Src/stm32l476g_discovery_glass_lcd.o
 .text.HAL_MspInit
                0x0000000008002030       0x48 Core/Src/stm32l4xx_hal_msp.o
                0x0000000008002030                HAL_MspInit
 .text.NMI_Handler
                0x0000000008002078        0xe Core/Src/stm32l4xx_it.o
                0x0000000008002078                NMI_Handler
 .text.HardFault_Handler
                0x0000000008002086        0x6 Core/Src/stm32l4xx_it.o
                0x0000000008002086                HardFault_Handler
 .text.MemManage_Handler
                0x000000000800208c        0x6 Core/Src/stm32l4xx_it.o
                0x000000000800208c                MemManage_Handler
 .text.BusFault_Handler
                0x0000000008002092        0x6 Core/Src/stm32l4xx_it.o
                0x0000000008002092                BusFault_Handler
 .text.UsageFault_Handler
                0x0000000008002098        0x6 Core/Src/stm32l4xx_it.o
                0x0000000008002098                UsageFault_Handler
 .text.SVC_Handler
                0x000000000800209e        0xe Core/Src/stm32l4xx_it.o
                0x000000000800209e                SVC_Handler
 .text.DebugMon_Handler
                0x00000000080020ac        0xe Core/Src/stm32l4xx_it.o
                0x00000000080020ac                DebugMon_Handler
 .text.PendSV_Handler
                0x00000000080020ba        0xe Core/Src/stm32l4xx_it.o
                0x00000000080020ba                PendSV_Handler
 .text.SysTick_Handler
                0x00000000080020c8        0xc Core/Src/stm32l4xx_it.o
                0x00000000080020c8                SysTick_Handler
 .text.EXTI0_IRQHandler
                0x00000000080020d4        0xe Core/Src/stm32l4xx_it.o
                0x00000000080020d4                EXTI0_IRQHandler
 *fill*         0x00000000080020e2        0x2 
 .text.ADC1_2_IRQHandler
                0x00000000080020e4       0x14 Core/Src/stm32l4xx_it.o
                0x00000000080020e4                ADC1_2_IRQHandler
 .text.EXTI9_5_IRQHandler
                0x00000000080020f8        0xe Core/Src/stm32l4xx_it.o
                0x00000000080020f8                EXTI9_5_IRQHandler
 *fill*         0x0000000008002106        0x2 
 .text.TIM3_IRQHandler
                0x0000000008002108       0x14 Core/Src/stm32l4xx_it.o
                0x0000000008002108                TIM3_IRQHandler
 .text.USART2_IRQHandler
                0x000000000800211c       0x68 Core/Src/stm32l4xx_it.o
                0x000000000800211c                USART2_IRQHandler
 .text.OTG_FS_IRQHandler
                0x0000000008002184       0x14 Core/Src/stm32l4xx_it.o
                0x0000000008002184                OTG_FS_IRQHandler
 .text._read    0x0000000008002198       0x3a Core/Src/syscalls.o
                0x0000000008002198                _read
 .text._write   0x00000000080021d2       0x38 Core/Src/syscalls.o
                0x00000000080021d2                _write
 .text._close   0x000000000800220a       0x18 Core/Src/syscalls.o
                0x000000000800220a                _close
 .text._fstat   0x0000000008002222       0x20 Core/Src/syscalls.o
                0x0000000008002222                _fstat
 .text._isatty  0x0000000008002242       0x16 Core/Src/syscalls.o
                0x0000000008002242                _isatty
 .text._lseek   0x0000000008002258       0x1a Core/Src/syscalls.o
                0x0000000008002258                _lseek
 *fill*         0x0000000008002272        0x2 
 .text._sbrk    0x0000000008002274       0x6c Core/Src/sysmem.o
                0x0000000008002274                _sbrk
 .text.SystemInit
                0x00000000080022e0       0x6c Core/Src/system_stm32l4xx.o
                0x00000000080022e0                SystemInit
 .text.MX_TIM3_Init
                0x000000000800234c       0x9c Core/Src/tim.o
                0x000000000800234c                MX_TIM3_Init
 .text.HAL_TIM_Base_MspInit
                0x00000000080023e8       0x4c Core/Src/tim.o
                0x00000000080023e8                HAL_TIM_Base_MspInit
 .text.HAL_TIM_PeriodElapsedCallback
                0x0000000008002434       0x28 Core/Src/tim.o
                0x0000000008002434                HAL_TIM_PeriodElapsedCallback
 .text.MX_USART2_UART_Init
                0x000000000800245c       0x60 Core/Src/usart.o
                0x000000000800245c                MX_USART2_UART_Init
 .text.HAL_UART_MspInit
                0x00000000080024bc       0xa8 Core/Src/usart.o
                0x00000000080024bc                HAL_UART_MspInit
 .text.Reset_Handler
                0x0000000008002564       0x50 Core/Startup/startup_stm32l476vgtx.o
                0x0000000008002564                Reset_Handler
 .text.Default_Handler
                0x00000000080025b4        0x2 Core/Startup/startup_stm32l476vgtx.o
                0x00000000080025b4                RTC_Alarm_IRQHandler
                0x00000000080025b4                EXTI2_IRQHandler
                0x00000000080025b4                TIM8_TRG_COM_IRQHandler
                0x00000000080025b4                TIM8_CC_IRQHandler
                0x00000000080025b4                TIM1_CC_IRQHandler
                0x00000000080025b4                TSC_IRQHandler
                0x00000000080025b4                TAMP_STAMP_IRQHandler
                0x00000000080025b4                EXTI3_IRQHandler
                0x00000000080025b4                LPTIM2_IRQHandler
                0x00000000080025b4                DFSDM1_FLT1_IRQHandler
                0x00000000080025b4                I2C3_ER_IRQHandler
                0x00000000080025b4                DFSDM1_FLT2_IRQHandler
                0x00000000080025b4                I2C2_EV_IRQHandler
                0x00000000080025b4                CAN1_RX0_IRQHandler
                0x00000000080025b4                FPU_IRQHandler
                0x00000000080025b4                TIM1_UP_TIM16_IRQHandler
                0x00000000080025b4                SPI1_IRQHandler
                0x00000000080025b4                TIM6_DAC_IRQHandler
                0x00000000080025b4                TIM8_UP_IRQHandler
                0x00000000080025b4                DMA2_Channel2_IRQHandler
                0x00000000080025b4                DMA1_Channel4_IRQHandler
                0x00000000080025b4                SAI2_IRQHandler
                0x00000000080025b4                DFSDM1_FLT3_IRQHandler
                0x00000000080025b4                USART3_IRQHandler
                0x00000000080025b4                DMA1_Channel7_IRQHandler
                0x00000000080025b4                CAN1_RX1_IRQHandler
                0x00000000080025b4                LCD_IRQHandler
                0x00000000080025b4                UART5_IRQHandler
                0x00000000080025b4                ADC3_IRQHandler
                0x00000000080025b4                TIM4_IRQHandler
                0x00000000080025b4                DMA2_Channel1_IRQHandler
                0x00000000080025b4                QUADSPI_IRQHandler
                0x00000000080025b4                I2C1_EV_IRQHandler
                0x00000000080025b4                DMA1_Channel6_IRQHandler
                0x00000000080025b4                UART4_IRQHandler
                0x00000000080025b4                DMA2_Channel4_IRQHandler
                0x00000000080025b4                RCC_IRQHandler
                0x00000000080025b4                DMA1_Channel1_IRQHandler
                0x00000000080025b4                Default_Handler
                0x00000000080025b4                DMA2_Channel7_IRQHandler
                0x00000000080025b4                EXTI15_10_IRQHandler
                0x00000000080025b4                TIM7_IRQHandler
                0x00000000080025b4                SDMMC1_IRQHandler
                0x00000000080025b4                TIM5_IRQHandler
                0x00000000080025b4                I2C3_EV_IRQHandler
                0x00000000080025b4                RTC_WKUP_IRQHandler
                0x00000000080025b4                PVD_PVM_IRQHandler
                0x00000000080025b4                SPI2_IRQHandler
                0x00000000080025b4                CAN1_TX_IRQHandler
                0x00000000080025b4                DMA2_Channel5_IRQHandler
                0x00000000080025b4                DMA1_Channel5_IRQHandler
                0x00000000080025b4                EXTI4_IRQHandler
                0x00000000080025b4                RNG_IRQHandler
                0x00000000080025b4                TIM1_TRG_COM_TIM17_IRQHandler
                0x00000000080025b4                DMA1_Channel3_IRQHandler
                0x00000000080025b4                COMP_IRQHandler
                0x00000000080025b4                WWDG_IRQHandler
                0x00000000080025b4                LPUART1_IRQHandler
                0x00000000080025b4                DMA2_Channel6_IRQHandler
                0x00000000080025b4                TIM2_IRQHandler
                0x00000000080025b4                EXTI1_IRQHandler
                0x00000000080025b4                DFSDM1_FLT0_IRQHandler
                0x00000000080025b4                I2C2_ER_IRQHandler
                0x00000000080025b4                DMA1_Channel2_IRQHandler
                0x00000000080025b4                TIM8_BRK_IRQHandler
                0x00000000080025b4                CAN1_SCE_IRQHandler
                0x00000000080025b4                FLASH_IRQHandler
                0x00000000080025b4                USART1_IRQHandler
                0x00000000080025b4                SPI3_IRQHandler
                0x00000000080025b4                I2C1_ER_IRQHandler
                0x00000000080025b4                FMC_IRQHandler
                0x00000000080025b4                SWPMI1_IRQHandler
                0x00000000080025b4                LPTIM1_IRQHandler
                0x00000000080025b4                SAI1_IRQHandler
                0x00000000080025b4                DMA2_Channel3_IRQHandler
                0x00000000080025b4                TIM1_BRK_TIM15_IRQHandler
 .text.HAL_Init
                0x00000000080025b6       0x30 Drivers/STM32L4xx_HAL_Driver/Src/stm32l4xx_hal.o
                0x00000000080025b6                HAL_Init
 *fill*         0x00000000080025e6        0x2 
 .text.HAL_InitTick
                0x00000000080025e8       0x78 Drivers/STM32L4xx_HAL_Driver/Src/stm32l4xx_hal.o
                0x00000000080025e8                HAL_InitTick
 .text.HAL_IncTick
                0x0000000008002660       0x28 Drivers/STM32L4xx_HAL_Driver/Src/stm32l4xx_hal.o
                0x0000000008002660                HAL_IncTick
 .text.HAL_GetTick
                0x0000000008002688       0x18 Drivers/STM32L4xx_HAL_Driver/Src/stm32l4xx_hal.o
                0x0000000008002688                HAL_GetTick
 .text.HAL_Delay
                0x00000000080026a0       0x44 Drivers/STM32L4xx_HAL_Driver/Src/stm32l4xx_hal.o
                0x00000000080026a0                HAL_Delay
 .text.LL_ADC_SetCommonClock
                0x00000000080026e4       0x26 Drivers/STM32L4xx_HAL_Driver/Src/stm32l4xx_hal_adc.o
 .text.LL_ADC_SetCommonPathInternalCh
                0x000000000800270a       0x26 Drivers/STM32L4xx_HAL_Driver/Src/stm32l4xx_hal_adc.o
 .text.LL_ADC_GetCommonPathInternalCh
                0x0000000008002730       0x1c Drivers/STM32L4xx_HAL_Driver/Src/stm32l4xx_hal_adc.o
 .text.LL_ADC_SetOffset
                0x000000000800274c       0x48 Drivers/STM32L4xx_HAL_Driver/Src/stm32l4xx_hal_adc.o
 .text.LL_ADC_GetOffsetChannel
                0x0000000008002794       0x2c Drivers/STM32L4xx_HAL_Driver/Src/stm32l4xx_hal_adc.o
 .text.LL_ADC_SetOffsetState
                0x00000000080027c0       0x36 Drivers/STM32L4xx_HAL_Driver/Src/stm32l4xx_hal_adc.o
 .text.LL_ADC_REG_IsTriggerSourceSWStart
                0x00000000080027f6       0x26 Drivers/STM32L4xx_HAL_Driver/Src/stm32l4xx_hal_adc.o
 .text.LL_ADC_REG_SetSequencerRanks
                0x000000000800281c       0x58 Drivers/STM32L4xx_HAL_Driver/Src/stm32l4xx_hal_adc.o
 .text.LL_ADC_INJ_IsTriggerSourceSWStart
                0x0000000008002874       0x26 Drivers/STM32L4xx_HAL_Driver/Src/stm32l4xx_hal_adc.o
 .text.LL_ADC_SetChannelSamplingTime
                0x000000000800289a       0x56 Drivers/STM32L4xx_HAL_Driver/Src/stm32l4xx_hal_adc.o
 .text.LL_ADC_SetChannelSingleDiff
                0x00000000080028f0       0x48 Drivers/STM32L4xx_HAL_Driver/Src/stm32l4xx_hal_adc.o
 .text.LL_ADC_GetMultimode
                0x0000000008002938       0x1c Drivers/STM32L4xx_HAL_Driver/Src/stm32l4xx_hal_adc.o
 .text.LL_ADC_GetMultiDMATransfer
                0x0000000008002954       0x1c Drivers/STM32L4xx_HAL_Driver/Src/stm32l4xx_hal_adc.o
 .text.LL_ADC_DisableDeepPowerDown
                0x0000000008002970       0x24 Drivers/STM32L4xx_HAL_Driver/Src/stm32l4xx_hal_adc.o
 .text.LL_ADC_IsDeepPowerDownEnabled
                0x0000000008002994       0x28 Drivers/STM32L4xx_HAL_Driver/Src/stm32l4xx_hal_adc.o
 .text.LL_ADC_EnableInternalRegulator
                0x00000000080029bc       0x28 Drivers/STM32L4xx_HAL_Driver/Src/stm32l4xx_hal_adc.o
 .text.LL_ADC_IsInternalRegulatorEnabled
                0x00000000080029e4       0x28 Drivers/STM32L4xx_HAL_Driver/Src/stm32l4xx_hal_adc.o
 .text.LL_ADC_Enable
                0x0000000008002a0c       0x28 Drivers/STM32L4xx_HAL_Driver/Src/stm32l4xx_hal_adc.o
 .text.LL_ADC_Disable
                0x0000000008002a34       0x28 Drivers/STM32L4xx_HAL_Driver/Src/stm32l4xx_hal_adc.o
 .text.LL_ADC_IsEnabled
                0x0000000008002a5c       0x26 Drivers/STM32L4xx_HAL_Driver/Src/stm32l4xx_hal_adc.o
 .text.LL_ADC_IsDisableOngoing
                0x0000000008002a82       0x26 Drivers/STM32L4xx_HAL_Driver/Src/stm32l4xx_hal_adc.o
 .text.LL_ADC_REG_StartConversion
                0x0000000008002aa8       0x28 Drivers/STM32L4xx_HAL_Driver/Src/stm32l4xx_hal_adc.o
 .text.LL_ADC_REG_StopConversion
                0x0000000008002ad0       0x28 Drivers/STM32L4xx_HAL_Driver/Src/stm32l4xx_hal_adc.o
 .text.LL_ADC_REG_IsConversionOngoing
                0x0000000008002af8       0x26 Drivers/STM32L4xx_HAL_Driver/Src/stm32l4xx_hal_adc.o
 .text.LL_ADC_INJ_StopConversion
                0x0000000008002b1e       0x28 Drivers/STM32L4xx_HAL_Driver/Src/stm32l4xx_hal_adc.o
 .text.LL_ADC_INJ_IsConversionOngoing
                0x0000000008002b46       0x26 Drivers/STM32L4xx_HAL_Driver/Src/stm32l4xx_hal_adc.o
 .text.HAL_ADC_Init
                0x0000000008002b6c      0x2a8 Drivers/STM32L4xx_HAL_Driver/Src/stm32l4xx_hal_adc.o
                0x0000000008002b6c                HAL_ADC_Init
 .text.HAL_ADC_Start_IT
                0x0000000008002e14      0x264 Drivers/STM32L4xx_HAL_Driver/Src/stm32l4xx_hal_adc.o
                0x0000000008002e14                HAL_ADC_Start_IT
 .text.HAL_ADC_Stop_IT
                0x0000000008003078       0x76 Drivers/STM32L4xx_HAL_Driver/Src/stm32l4xx_hal_adc.o
                0x0000000008003078                HAL_ADC_Stop_IT
 .text.HAL_ADC_GetValue
                0x00000000080030ee       0x1a Drivers/STM32L4xx_HAL_Driver/Src/stm32l4xx_hal_adc.o
                0x00000000080030ee                HAL_ADC_GetValue
 .text.HAL_ADC_IRQHandler
                0x0000000008003108      0x434 Drivers/STM32L4xx_HAL_Driver/Src/stm32l4xx_hal_adc.o
                0x0000000008003108                HAL_ADC_IRQHandler
 .text.HAL_ADC_LevelOutOfWindowCallback
                0x000000000800353c       0x14 Drivers/STM32L4xx_HAL_Driver/Src/stm32l4xx_hal_adc.o
                0x000000000800353c                HAL_ADC_LevelOutOfWindowCallback
 .text.HAL_ADC_ErrorCallback
                0x0000000008003550       0x14 Drivers/STM32L4xx_HAL_Driver/Src/stm32l4xx_hal_adc.o
                0x0000000008003550                HAL_ADC_ErrorCallback
 .text.HAL_ADC_ConfigChannel
                0x0000000008003564      0x7dc Drivers/STM32L4xx_HAL_Driver/Src/stm32l4xx_hal_adc.o
                0x0000000008003564                HAL_ADC_ConfigChannel
 .text.ADC_ConversionStop
                0x0000000008003d40      0x168 Drivers/STM32L4xx_HAL_Driver/Src/stm32l4xx_hal_adc.o
                0x0000000008003d40                ADC_ConversionStop
 .text.ADC_Enable
                0x0000000008003ea8       0xb4 Drivers/STM32L4xx_HAL_Driver/Src/stm32l4xx_hal_adc.o
                0x0000000008003ea8                ADC_Enable
 .text.ADC_Disable
                0x0000000008003f5c       0xb0 Drivers/STM32L4xx_HAL_Driver/Src/stm32l4xx_hal_adc.o
                0x0000000008003f5c                ADC_Disable
 .text.LL_ADC_IsEnabled
                0x000000000800400c       0x26 Drivers/STM32L4xx_HAL_Driver/Src/stm32l4xx_hal_adc_ex.o
 .text.LL_ADC_StartCalibration
                0x0000000008004032       0x32 Drivers/STM32L4xx_HAL_Driver/Src/stm32l4xx_hal_adc_ex.o
 .text.LL_ADC_IsCalibrationOnGoing
                0x0000000008004064       0x28 Drivers/STM32L4xx_HAL_Driver/Src/stm32l4xx_hal_adc_ex.o
 .text.LL_ADC_REG_IsConversionOngoing
                0x000000000800408c       0x26 Drivers/STM32L4xx_HAL_Driver/Src/stm32l4xx_hal_adc_ex.o
 .text.HAL_ADCEx_Calibration_Start
                0x00000000080040b2       0xc0 Drivers/STM32L4xx_HAL_Driver/Src/stm32l4xx_hal_adc_ex.o
                0x00000000080040b2                HAL_ADCEx_Calibration_Start
 .text.HAL_ADCEx_InjectedConvCpltCallback
                0x0000000008004172       0x14 Drivers/STM32L4xx_HAL_Driver/Src/stm32l4xx_hal_adc_ex.o
                0x0000000008004172                HAL_ADCEx_InjectedConvCpltCallback
 .text.HAL_ADCEx_InjectedQueueOverflowCallback
                0x0000000008004186       0x14 Drivers/STM32L4xx_HAL_Driver/Src/stm32l4xx_hal_adc_ex.o
                0x0000000008004186                HAL_ADCEx_InjectedQueueOverflowCallback
 .text.HAL_ADCEx_LevelOutOfWindow2Callback
                0x000000000800419a       0x14 Drivers/STM32L4xx_HAL_Driver/Src/stm32l4xx_hal_adc_ex.o
                0x000000000800419a                HAL_ADCEx_LevelOutOfWindow2Callback
 .text.HAL_ADCEx_LevelOutOfWindow3Callback
                0x00000000080041ae       0x14 Drivers/STM32L4xx_HAL_Driver/Src/stm32l4xx_hal_adc_ex.o
                0x00000000080041ae                HAL_ADCEx_LevelOutOfWindow3Callback
 .text.HAL_ADCEx_EndOfSamplingCallback
                0x00000000080041c2       0x14 Drivers/STM32L4xx_HAL_Driver/Src/stm32l4xx_hal_adc_ex.o
                0x00000000080041c2                HAL_ADCEx_EndOfSamplingCallback
 *fill*         0x00000000080041d6        0x2 
 .text.HAL_ADCEx_MultiModeConfigChannel
                0x00000000080041d8      0x158 Drivers/STM32L4xx_HAL_Driver/Src/stm32l4xx_hal_adc_ex.o
                0x00000000080041d8                HAL_ADCEx_MultiModeConfigChannel
 .text.__NVIC_SetPriorityGrouping
                0x0000000008004330       0x48 Drivers/STM32L4xx_HAL_Driver/Src/stm32l4xx_hal_cortex.o
 .text.__NVIC_GetPriorityGrouping
                0x0000000008004378       0x1c Drivers/STM32L4xx_HAL_Driver/Src/stm32l4xx_hal_cortex.o
 .text.__NVIC_EnableIRQ
                0x0000000008004394       0x3c Drivers/STM32L4xx_HAL_Driver/Src/stm32l4xx_hal_cortex.o
 .text.__NVIC_SetPriority
                0x00000000080043d0       0x54 Drivers/STM32L4xx_HAL_Driver/Src/stm32l4xx_hal_cortex.o
 .text.NVIC_EncodePriority
                0x0000000008004424       0x66 Drivers/STM32L4xx_HAL_Driver/Src/stm32l4xx_hal_cortex.o
 *fill*         0x000000000800448a        0x2 
 .text.SysTick_Config
                0x000000000800448c       0x44 Drivers/STM32L4xx_HAL_Driver/Src/stm32l4xx_hal_cortex.o
 .text.HAL_NVIC_SetPriorityGrouping
                0x00000000080044d0       0x16 Drivers/STM32L4xx_HAL_Driver/Src/stm32l4xx_hal_cortex.o
                0x00000000080044d0                HAL_NVIC_SetPriorityGrouping
 .text.HAL_NVIC_SetPriority
                0x00000000080044e6       0x38 Drivers/STM32L4xx_HAL_Driver/Src/stm32l4xx_hal_cortex.o
                0x00000000080044e6                HAL_NVIC_SetPriority
 .text.HAL_NVIC_EnableIRQ
                0x000000000800451e       0x1c Drivers/STM32L4xx_HAL_Driver/Src/stm32l4xx_hal_cortex.o
                0x000000000800451e                HAL_NVIC_EnableIRQ
 .text.HAL_SYSTICK_Config
                0x000000000800453a       0x18 Drivers/STM32L4xx_HAL_Driver/Src/stm32l4xx_hal_cortex.o
                0x000000000800453a                HAL_SYSTICK_Config
 .text.HAL_DMA_Abort_IT
                0x0000000008004552       0x82 Drivers/STM32L4xx_HAL_Driver/Src/stm32l4xx_hal_dma.o
                0x0000000008004552                HAL_DMA_Abort_IT
 .text.HAL_GPIO_Init
                0x00000000080045d4      0x350 Drivers/STM32L4xx_HAL_Driver/Src/stm32l4xx_hal_gpio.o
                0x00000000080045d4                HAL_GPIO_Init
 .text.HAL_GPIO_WritePin
                0x0000000008004924       0x30 Drivers/STM32L4xx_HAL_Driver/Src/stm32l4xx_hal_gpio.o
                0x0000000008004924                HAL_GPIO_WritePin
 .text.HAL_GPIO_TogglePin
                0x0000000008004954       0x34 Drivers/STM32L4xx_HAL_Driver/Src/stm32l4xx_hal_gpio.o
                0x0000000008004954                HAL_GPIO_TogglePin
 .text.HAL_GPIO_EXTI_IRQHandler
                0x0000000008004988       0x30 Drivers/STM32L4xx_HAL_Driver/Src/stm32l4xx_hal_gpio.o
                0x0000000008004988                HAL_GPIO_EXTI_IRQHandler
 .text.HAL_HCD_Init
                0x00000000080049b8       0xc4 Drivers/STM32L4xx_HAL_Driver/Src/stm32l4xx_hal_hcd.o
                0x00000000080049b8                HAL_HCD_Init
 .text.HAL_HCD_HC_Init
                0x0000000008004a7c      0x130 Drivers/STM32L4xx_HAL_Driver/Src/stm32l4xx_hal_hcd.o
                0x0000000008004a7c                HAL_HCD_HC_Init
 .text.HAL_HCD_HC_Halt
                0x0000000008004bac       0x46 Drivers/STM32L4xx_HAL_Driver/Src/stm32l4xx_hal_hcd.o
                0x0000000008004bac                HAL_HCD_HC_Halt
 *fill*         0x0000000008004bf2        0x2 
 .text.HAL_HCD_HC_SubmitRequest
                0x0000000008004bf4      0x2dc Drivers/STM32L4xx_HAL_Driver/Src/stm32l4xx_hal_hcd.o
                0x0000000008004bf4                HAL_HCD_HC_SubmitRequest
 .text.HAL_HCD_IRQHandler
                0x0000000008004ed0      0x208 Drivers/STM32L4xx_HAL_Driver/Src/stm32l4xx_hal_hcd.o
                0x0000000008004ed0                HAL_HCD_IRQHandler
 .text.HAL_HCD_Start
                0x00000000080050d8       0x46 Drivers/STM32L4xx_HAL_Driver/Src/stm32l4xx_hal_hcd.o
                0x00000000080050d8                HAL_HCD_Start
 .text.HAL_HCD_Stop
                0x000000000800511e       0x3a Drivers/STM32L4xx_HAL_Driver/Src/stm32l4xx_hal_hcd.o
                0x000000000800511e                HAL_HCD_Stop
 .text.HAL_HCD_ResetPort
                0x0000000008005158       0x1c Drivers/STM32L4xx_HAL_Driver/Src/stm32l4xx_hal_hcd.o
                0x0000000008005158                HAL_HCD_ResetPort
 .text.HAL_HCD_HC_GetURBState
                0x0000000008005174       0x2a Drivers/STM32L4xx_HAL_Driver/Src/stm32l4xx_hal_hcd.o
                0x0000000008005174                HAL_HCD_HC_GetURBState
 .text.HAL_HCD_HC_GetXferCount
                0x000000000800519e       0x2a Drivers/STM32L4xx_HAL_Driver/Src/stm32l4xx_hal_hcd.o
                0x000000000800519e                HAL_HCD_HC_GetXferCount
 .text.HAL_HCD_GetCurrentFrame
                0x00000000080051c8       0x1c Drivers/STM32L4xx_HAL_Driver/Src/stm32l4xx_hal_hcd.o
                0x00000000080051c8                HAL_HCD_GetCurrentFrame
 .text.HAL_HCD_GetCurrentSpeed
                0x00000000080051e4       0x1c Drivers/STM32L4xx_HAL_Driver/Src/stm32l4xx_hal_hcd.o
                0x00000000080051e4                HAL_HCD_GetCurrentSpeed
 .text.HCD_HC_IN_IRQHandler
                0x0000000008005200      0x822 Drivers/STM32L4xx_HAL_Driver/Src/stm32l4xx_hal_hcd.o
 .text.HCD_HC_OUT_IRQHandler
                0x0000000008005a22      0x6aa Drivers/STM32L4xx_HAL_Driver/Src/stm32l4xx_hal_hcd.o
 .text.HCD_RXQLVL_IRQHandler
                0x00000000080060cc      0x158 Drivers/STM32L4xx_HAL_Driver/Src/stm32l4xx_hal_hcd.o
 .text.HCD_Port_IRQHandler
                0x0000000008006224       0xe6 Drivers/STM32L4xx_HAL_Driver/Src/stm32l4xx_hal_hcd.o
 .text.HAL_I2C_Init
                0x000000000800630a      0x11e Drivers/STM32L4xx_HAL_Driver/Src/stm32l4xx_hal_i2c.o
                0x000000000800630a                HAL_I2C_Init
 .text.HAL_I2CEx_ConfigAnalogFilter
                0x0000000008006428       0x96 Drivers/STM32L4xx_HAL_Driver/Src/stm32l4xx_hal_i2c_ex.o
                0x0000000008006428                HAL_I2CEx_ConfigAnalogFilter
 .text.HAL_I2CEx_ConfigDigitalFilter
                0x00000000080064be       0x98 Drivers/STM32L4xx_HAL_Driver/Src/stm32l4xx_hal_i2c_ex.o
                0x00000000080064be                HAL_I2CEx_ConfigDigitalFilter
 *fill*         0x0000000008006556        0x2 
 .text.HAL_LCD_Init
                0x0000000008006558      0x180 Drivers/STM32L4xx_HAL_Driver/Src/stm32l4xx_hal_lcd.o
                0x0000000008006558                HAL_LCD_Init
 .text.HAL_LCD_Clear
                0x00000000080066d8       0xac Drivers/STM32L4xx_HAL_Driver/Src/stm32l4xx_hal_lcd.o
                0x00000000080066d8                HAL_LCD_Clear
 .text.HAL_LCD_UpdateDisplayRequest
                0x0000000008006784       0x72 Drivers/STM32L4xx_HAL_Driver/Src/stm32l4xx_hal_lcd.o
                0x0000000008006784                HAL_LCD_UpdateDisplayRequest
 .text.LCD_WaitForSynchro
                0x00000000080067f6       0x42 Drivers/STM32L4xx_HAL_Driver/Src/stm32l4xx_hal_lcd.o
                0x00000000080067f6                LCD_WaitForSynchro
 .text.HAL_PWREx_GetVoltageRange
                0x0000000008006838       0x1c Drivers/STM32L4xx_HAL_Driver/Src/stm32l4xx_hal_pwr_ex.o
                0x0000000008006838                HAL_PWREx_GetVoltageRange
 .text.HAL_PWREx_ControlVoltageScaling
                0x0000000008006854       0xac Drivers/STM32L4xx_HAL_Driver/Src/stm32l4xx_hal_pwr_ex.o
                0x0000000008006854                HAL_PWREx_ControlVoltageScaling
 .text.HAL_PWREx_EnableVddUSB
                0x0000000008006900       0x20 Drivers/STM32L4xx_HAL_Driver/Src/stm32l4xx_hal_pwr_ex.o
                0x0000000008006900                HAL_PWREx_EnableVddUSB
 .text.HAL_QSPI_Init
                0x0000000008006920       0xec Drivers/STM32L4xx_HAL_Driver/Src/stm32l4xx_hal_qspi.o
                0x0000000008006920                HAL_QSPI_Init
 .text.HAL_QSPI_SetTimeout
                0x0000000008006a0c       0x1c Drivers/STM32L4xx_HAL_Driver/Src/stm32l4xx_hal_qspi.o
                0x0000000008006a0c                HAL_QSPI_SetTimeout
 .text.QSPI_WaitFlagStateUntilTimeout
                0x0000000008006a28       0x6e Drivers/STM32L4xx_HAL_Driver/Src/stm32l4xx_hal_qspi.o
 *fill*         0x0000000008006a96        0x2 
 .text.HAL_RCC_OscConfig
                0x0000000008006a98      0x7cc Drivers/STM32L4xx_HAL_Driver/Src/stm32l4xx_hal_rcc.o
                0x0000000008006a98                HAL_RCC_OscConfig
 .text.HAL_RCC_ClockConfig
                0x0000000008007264      0x1c4 Drivers/STM32L4xx_HAL_Driver/Src/stm32l4xx_hal_rcc.o
                0x0000000008007264                HAL_RCC_ClockConfig
 .text.HAL_RCC_GetSysClockFreq
                0x0000000008007428      0x114 Drivers/STM32L4xx_HAL_Driver/Src/stm32l4xx_hal_rcc.o
                0x0000000008007428                HAL_RCC_GetSysClockFreq
 .text.HAL_RCC_GetHCLKFreq
                0x000000000800753c       0x18 Drivers/STM32L4xx_HAL_Driver/Src/stm32l4xx_hal_rcc.o
                0x000000000800753c                HAL_RCC_GetHCLKFreq
 .text.HAL_RCC_GetPCLK1Freq
                0x0000000008007554       0x2c Drivers/STM32L4xx_HAL_Driver/Src/stm32l4xx_hal_rcc.o
                0x0000000008007554                HAL_RCC_GetPCLK1Freq
 .text.HAL_RCC_GetPCLK2Freq
                0x0000000008007580       0x2c Drivers/STM32L4xx_HAL_Driver/Src/stm32l4xx_hal_rcc.o
                0x0000000008007580                HAL_RCC_GetPCLK2Freq
 .text.RCC_SetFlashLatencyFromMSIRange
                0x00000000080075ac       0xc0 Drivers/STM32L4xx_HAL_Driver/Src/stm32l4xx_hal_rcc.o
 .text.HAL_RCCEx_PeriphCLKConfig
                0x000000000800766c      0x5cc Drivers/STM32L4xx_HAL_Driver/Src/stm32l4xx_hal_rcc_ex.o
                0x000000000800766c                HAL_RCCEx_PeriphCLKConfig
 .text.HAL_RCCEx_GetPeriphCLKFreq
                0x0000000008007c38      0x90c Drivers/STM32L4xx_HAL_Driver/Src/stm32l4xx_hal_rcc_ex.o
                0x0000000008007c38                HAL_RCCEx_GetPeriphCLKFreq
 .text.RCCEx_PLLSAI1_Config
                0x0000000008008544      0x1e0 Drivers/STM32L4xx_HAL_Driver/Src/stm32l4xx_hal_rcc_ex.o
 .text.RCCEx_PLLSAI2_Config
                0x0000000008008724      0x1b4 Drivers/STM32L4xx_HAL_Driver/Src/stm32l4xx_hal_rcc_ex.o
 .text.RCCEx_GetSAIxPeriphCLKFreq
                0x00000000080088d8      0x1e0 Drivers/STM32L4xx_HAL_Driver/Src/stm32l4xx_hal_rcc_ex.o
 .text.HAL_SAI_Init
                0x0000000008008ab8      0x2e0 Drivers/STM32L4xx_HAL_Driver/Src/stm32l4xx_hal_sai.o
                0x0000000008008ab8                HAL_SAI_Init
 .text.SAI_Disable
                0x0000000008008d98       0x74 Drivers/STM32L4xx_HAL_Driver/Src/stm32l4xx_hal_sai.o
 .text.HAL_SPI_Init
                0x0000000008008e0c      0x146 Drivers/STM32L4xx_HAL_Driver/Src/stm32l4xx_hal_spi.o
                0x0000000008008e0c                HAL_SPI_Init
 .text.HAL_TIM_Base_Init
                0x0000000008008f52       0xae Drivers/STM32L4xx_HAL_Driver/Src/stm32l4xx_hal_tim.o
                0x0000000008008f52                HAL_TIM_Base_Init
 .text.HAL_TIM_Base_Start_IT
                0x0000000008009000       0xe0 Drivers/STM32L4xx_HAL_Driver/Src/stm32l4xx_hal_tim.o
                0x0000000008009000                HAL_TIM_Base_Start_IT
 .text.HAL_TIM_IRQHandler
                0x00000000080090e0      0x23e Drivers/STM32L4xx_HAL_Driver/Src/stm32l4xx_hal_tim.o
                0x00000000080090e0                HAL_TIM_IRQHandler
 .text.HAL_TIM_ConfigClockSource
                0x000000000800931e      0x172 Drivers/STM32L4xx_HAL_Driver/Src/stm32l4xx_hal_tim.o
                0x000000000800931e                HAL_TIM_ConfigClockSource
 .text.HAL_TIM_OC_DelayElapsedCallback
                0x0000000008009490       0x14 Drivers/STM32L4xx_HAL_Driver/Src/stm32l4xx_hal_tim.o
                0x0000000008009490                HAL_TIM_OC_DelayElapsedCallback
 .text.HAL_TIM_IC_CaptureCallback
                0x00000000080094a4       0x14 Drivers/STM32L4xx_HAL_Driver/Src/stm32l4xx_hal_tim.o
                0x00000000080094a4                HAL_TIM_IC_CaptureCallback
 .text.HAL_TIM_PWM_PulseFinishedCallback
                0x00000000080094b8       0x14 Drivers/STM32L4xx_HAL_Driver/Src/stm32l4xx_hal_tim.o
                0x00000000080094b8                HAL_TIM_PWM_PulseFinishedCallback
 .text.HAL_TIM_TriggerCallback
                0x00000000080094cc       0x14 Drivers/STM32L4xx_HAL_Driver/Src/stm32l4xx_hal_tim.o
                0x00000000080094cc                HAL_TIM_TriggerCallback
 .text.TIM_Base_SetConfig
                0x00000000080094e0      0x134 Drivers/STM32L4xx_HAL_Driver/Src/stm32l4xx_hal_tim.o
                0x00000000080094e0                TIM_Base_SetConfig
 .text.TIM_TI1_ConfigInputStage
                0x0000000008009614       0x5e Drivers/STM32L4xx_HAL_Driver/Src/stm32l4xx_hal_tim.o
 .text.TIM_TI2_ConfigInputStage
                0x0000000008009672       0x60 Drivers/STM32L4xx_HAL_Driver/Src/stm32l4xx_hal_tim.o
 .text.TIM_ITRx_SetConfig
                0x00000000080096d2       0x36 Drivers/STM32L4xx_HAL_Driver/Src/stm32l4xx_hal_tim.o
 .text.TIM_ETR_SetConfig
                0x0000000008009708       0x40 Drivers/STM32L4xx_HAL_Driver/Src/stm32l4xx_hal_tim.o
                0x0000000008009708                TIM_ETR_SetConfig
 .text.HAL_TIMEx_MasterConfigSynchronization
                0x0000000008009748      0x110 Drivers/STM32L4xx_HAL_Driver/Src/stm32l4xx_hal_tim_ex.o
                0x0000000008009748                HAL_TIMEx_MasterConfigSynchronization
 .text.HAL_TIMEx_CommutCallback
                0x0000000008009858       0x14 Drivers/STM32L4xx_HAL_Driver/Src/stm32l4xx_hal_tim_ex.o
                0x0000000008009858                HAL_TIMEx_CommutCallback
 .text.HAL_TIMEx_BreakCallback
                0x000000000800986c       0x14 Drivers/STM32L4xx_HAL_Driver/Src/stm32l4xx_hal_tim_ex.o
                0x000000000800986c                HAL_TIMEx_BreakCallback
 .text.HAL_TIMEx_Break2Callback
                0x0000000008009880       0x14 Drivers/STM32L4xx_HAL_Driver/Src/stm32l4xx_hal_tim_ex.o
                0x0000000008009880                HAL_TIMEx_Break2Callback
 .text.HAL_UART_Init
                0x0000000008009894       0x9c Drivers/STM32L4xx_HAL_Driver/Src/stm32l4xx_hal_uart.o
                0x0000000008009894                HAL_UART_Init
 .text.HAL_UART_Transmit
                0x0000000008009930      0x126 Drivers/STM32L4xx_HAL_Driver/Src/stm32l4xx_hal_uart.o
                0x0000000008009930                HAL_UART_Transmit
 .text.HAL_UART_Receive
                0x0000000008009a56      0x19a Drivers/STM32L4xx_HAL_Driver/Src/stm32l4xx_hal_uart.o
                0x0000000008009a56                HAL_UART_Receive
 .text.HAL_UART_IRQHandler
                0x0000000008009bf0      0x290 Drivers/STM32L4xx_HAL_Driver/Src/stm32l4xx_hal_uart.o
                0x0000000008009bf0                HAL_UART_IRQHandler
 .text.HAL_UART_TxCpltCallback
                0x0000000008009e80       0x14 Drivers/STM32L4xx_HAL_Driver/Src/stm32l4xx_hal_uart.o
                0x0000000008009e80                HAL_UART_TxCpltCallback
 .text.HAL_UART_ErrorCallback
                0x0000000008009e94       0x14 Drivers/STM32L4xx_HAL_Driver/Src/stm32l4xx_hal_uart.o
                0x0000000008009e94                HAL_UART_ErrorCallback
 .text.UART_SetConfig
                0x0000000008009ea8      0x514 Drivers/STM32L4xx_HAL_Driver/Src/stm32l4xx_hal_uart.o
                0x0000000008009ea8                UART_SetConfig
 .text.UART_AdvFeatureConfig
                0x000000000800a3bc      0x144 Drivers/STM32L4xx_HAL_Driver/Src/stm32l4xx_hal_uart.o
                0x000000000800a3bc                UART_AdvFeatureConfig
 .text.UART_CheckIdleState
                0x000000000800a500       0x8a Drivers/STM32L4xx_HAL_Driver/Src/stm32l4xx_hal_uart.o
                0x000000000800a500                UART_CheckIdleState
 .text.UART_WaitOnFlagUntilTimeout
                0x000000000800a58a       0xf6 Drivers/STM32L4xx_HAL_Driver/Src/stm32l4xx_hal_uart.o
                0x000000000800a58a                UART_WaitOnFlagUntilTimeout
 .text.UART_EndRxTransfer
                0x000000000800a680       0x40 Drivers/STM32L4xx_HAL_Driver/Src/stm32l4xx_hal_uart.o
 .text.UART_DMAAbortOnError
                0x000000000800a6c0       0x2c Drivers/STM32L4xx_HAL_Driver/Src/stm32l4xx_hal_uart.o
 .text.UART_EndTransmit_IT
                0x000000000800a6ec       0x32 Drivers/STM32L4xx_HAL_Driver/Src/stm32l4xx_hal_uart.o
 .text.HAL_UARTEx_WakeupCallback
                0x000000000800a71e       0x14 Drivers/STM32L4xx_HAL_Driver/Src/stm32l4xx_hal_uart_ex.o
                0x000000000800a71e                HAL_UARTEx_WakeupCallback
 .text.USB_CoreInit
                0x000000000800a732       0xa4 Drivers/STM32L4xx_HAL_Driver/Src/stm32l4xx_ll_usb.o
                0x000000000800a732                USB_CoreInit
 .text.USB_EnableGlobalInt
                0x000000000800a7d6       0x22 Drivers/STM32L4xx_HAL_Driver/Src/stm32l4xx_ll_usb.o
                0x000000000800a7d6                USB_EnableGlobalInt
 .text.USB_DisableGlobalInt
                0x000000000800a7f8       0x22 Drivers/STM32L4xx_HAL_Driver/Src/stm32l4xx_ll_usb.o
                0x000000000800a7f8                USB_DisableGlobalInt
 .text.USB_SetCurrentMode
                0x000000000800a81a       0x54 Drivers/STM32L4xx_HAL_Driver/Src/stm32l4xx_ll_usb.o
                0x000000000800a81a                USB_SetCurrentMode
 *fill*         0x000000000800a86e        0x2 
 .text.USB_FlushTxFifo
                0x000000000800a870       0x4c Drivers/STM32L4xx_HAL_Driver/Src/stm32l4xx_ll_usb.o
                0x000000000800a870                USB_FlushTxFifo
 .text.USB_FlushRxFifo
                0x000000000800a8bc       0x44 Drivers/STM32L4xx_HAL_Driver/Src/stm32l4xx_ll_usb.o
                0x000000000800a8bc                USB_FlushRxFifo
 .text.USB_WritePacket
                0x000000000800a900       0x62 Drivers/STM32L4xx_HAL_Driver/Src/stm32l4xx_ll_usb.o
                0x000000000800a900                USB_WritePacket
 .text.USB_ReadPacket
                0x000000000800a962       0x52 Drivers/STM32L4xx_HAL_Driver/Src/stm32l4xx_ll_usb.o
                0x000000000800a962                USB_ReadPacket
 .text.USB_ReadInterrupts
                0x000000000800a9b4       0x26 Drivers/STM32L4xx_HAL_Driver/Src/stm32l4xx_ll_usb.o
                0x000000000800a9b4                USB_ReadInterrupts
 .text.USB_GetMode
                0x000000000800a9da       0x1c Drivers/STM32L4xx_HAL_Driver/Src/stm32l4xx_ll_usb.o
                0x000000000800a9da                USB_GetMode
 *fill*         0x000000000800a9f6        0x2 
 .text.USB_CoreReset
                0x000000000800a9f8       0x68 Drivers/STM32L4xx_HAL_Driver/Src/stm32l4xx_ll_usb.o
 .text.USB_HostInit
                0x000000000800aa60       0xfc Drivers/STM32L4xx_HAL_Driver/Src/stm32l4xx_ll_usb.o
                0x000000000800aa60                USB_HostInit
 .text.USB_InitFSLSPClkSel
                0x000000000800ab5c       0x74 Drivers/STM32L4xx_HAL_Driver/Src/stm32l4xx_ll_usb.o
                0x000000000800ab5c                USB_InitFSLSPClkSel
 .text.USB_ResetPort
                0x000000000800abd0       0x54 Drivers/STM32L4xx_HAL_Driver/Src/stm32l4xx_ll_usb.o
                0x000000000800abd0                USB_ResetPort
 .text.USB_DriveVbus
                0x000000000800ac24       0x72 Drivers/STM32L4xx_HAL_Driver/Src/stm32l4xx_ll_usb.o
                0x000000000800ac24                USB_DriveVbus
 .text.USB_GetHostSpeed
                0x000000000800ac96       0x2e Drivers/STM32L4xx_HAL_Driver/Src/stm32l4xx_ll_usb.o
                0x000000000800ac96                USB_GetHostSpeed
 .text.USB_GetCurrentFrame
                0x000000000800acc4       0x22 Drivers/STM32L4xx_HAL_Driver/Src/stm32l4xx_ll_usb.o
                0x000000000800acc4                USB_GetCurrentFrame
 *fill*         0x000000000800ace6        0x2 
 .text.USB_HC_Init
                0x000000000800ace8      0x1e4 Drivers/STM32L4xx_HAL_Driver/Src/stm32l4xx_ll_usb.o
                0x000000000800ace8                USB_HC_Init
 .text.USB_HC_StartXfer
                0x000000000800aecc      0x200 Drivers/STM32L4xx_HAL_Driver/Src/stm32l4xx_ll_usb.o
                0x000000000800aecc                USB_HC_StartXfer
 .text.USB_HC_ReadInterrupt
                0x000000000800b0cc       0x22 Drivers/STM32L4xx_HAL_Driver/Src/stm32l4xx_ll_usb.o
                0x000000000800b0cc                USB_HC_ReadInterrupt
 .text.USB_HC_Halt
                0x000000000800b0ee      0x1fe Drivers/STM32L4xx_HAL_Driver/Src/stm32l4xx_ll_usb.o
                0x000000000800b0ee                USB_HC_Halt
 .text.USB_StopHost
                0x000000000800b2ec      0x10c Drivers/STM32L4xx_HAL_Driver/Src/stm32l4xx_ll_usb.o
                0x000000000800b2ec                USB_StopHost
 .text.USBH_CDC_InterfaceInit
                0x000000000800b3f8      0x2ac Middlewares/ST/STM32_USB_Host_Library/Class/CDC/Src/usbh_cdc.o
 .text.USBH_CDC_InterfaceDeInit
                0x000000000800b6a4       0xb2 Middlewares/ST/STM32_USB_Host_Library/Class/CDC/Src/usbh_cdc.o
 .text.USBH_CDC_ClassRequest
                0x000000000800b756       0x3e Middlewares/ST/STM32_USB_Host_Library/Class/CDC/Src/usbh_cdc.o
 .text.USBH_CDC_Process
                0x000000000800b794      0x12c Middlewares/ST/STM32_USB_Host_Library/Class/CDC/Src/usbh_cdc.o
 .text.USBH_CDC_SOFProcess
                0x000000000800b8c0       0x16 Middlewares/ST/STM32_USB_Host_Library/Class/CDC/Src/usbh_cdc.o
 .text.GetLineCoding
                0x000000000800b8d6       0x3e Middlewares/ST/STM32_USB_Host_Library/Class/CDC/Src/usbh_cdc.o
 .text.SetLineCoding
                0x000000000800b914       0x3e Middlewares/ST/STM32_USB_Host_Library/Class/CDC/Src/usbh_cdc.o
 .text.CDC_ProcessTransmission
                0x000000000800b952       0xf0 Middlewares/ST/STM32_USB_Host_Library/Class/CDC/Src/usbh_cdc.o
 .text.CDC_ProcessReception
                0x000000000800ba42       0xb6 Middlewares/ST/STM32_USB_Host_Library/Class/CDC/Src/usbh_cdc.o
 .text.USBH_CDC_TransmitCallback
                0x000000000800baf8       0x14 Middlewares/ST/STM32_USB_Host_Library/Class/CDC/Src/usbh_cdc.o
                0x000000000800baf8                USBH_CDC_TransmitCallback
 .text.USBH_CDC_ReceiveCallback
                0x000000000800bb0c       0x14 Middlewares/ST/STM32_USB_Host_Library/Class/CDC/Src/usbh_cdc.o
                0x000000000800bb0c                USBH_CDC_ReceiveCallback
 .text.USBH_CDC_LineCodingChanged
                0x000000000800bb20       0x14 Middlewares/ST/STM32_USB_Host_Library/Class/CDC/Src/usbh_cdc.o
                0x000000000800bb20                USBH_CDC_LineCodingChanged
 .text.USBH_Init
                0x000000000800bb34       0x74 Middlewares/ST/STM32_USB_Host_Library/Core/Src/usbh_core.o
                0x000000000800bb34                USBH_Init
 .text.DeInitStateMachine
                0x000000000800bba8       0xa8 Middlewares/ST/STM32_USB_Host_Library/Core/Src/usbh_core.o
 .text.USBH_RegisterClass
                0x000000000800bc50       0x54 Middlewares/ST/STM32_USB_Host_Library/Core/Src/usbh_core.o
                0x000000000800bc50                USBH_RegisterClass
 .text.USBH_SelectInterface
                0x000000000800bca4       0x38 Middlewares/ST/STM32_USB_Host_Library/Core/Src/usbh_core.o
                0x000000000800bca4                USBH_SelectInterface
 .text.USBH_FindInterface
                0x000000000800bcdc       0x8c Middlewares/ST/STM32_USB_Host_Library/Core/Src/usbh_core.o
                0x000000000800bcdc                USBH_FindInterface
 .text.USBH_Start
                0x000000000800bd68       0x20 Middlewares/ST/STM32_USB_Host_Library/Core/Src/usbh_core.o
                0x000000000800bd68                USBH_Start
 .text.USBH_Process
                0x000000000800bd88      0x3c0 Middlewares/ST/STM32_USB_Host_Library/Core/Src/usbh_core.o
                0x000000000800bd88                USBH_Process
 .text.USBH_HandleEnum
                0x000000000800c148      0x3c8 Middlewares/ST/STM32_USB_Host_Library/Core/Src/usbh_core.o
 .text.USBH_LL_SetTimer
                0x000000000800c510       0x1e Middlewares/ST/STM32_USB_Host_Library/Core/Src/usbh_core.o
                0x000000000800c510                USBH_LL_SetTimer
 .text.USBH_LL_IncTimer
                0x000000000800c52e       0x24 Middlewares/ST/STM32_USB_Host_Library/Core/Src/usbh_core.o
                0x000000000800c52e                USBH_LL_IncTimer
 .text.USBH_HandleSof
                0x000000000800c552       0x30 Middlewares/ST/STM32_USB_Host_Library/Core/Src/usbh_core.o
 .text.USBH_LL_PortEnabled
                0x000000000800c582       0x1c Middlewares/ST/STM32_USB_Host_Library/Core/Src/usbh_core.o
                0x000000000800c582                USBH_LL_PortEnabled
 .text.USBH_LL_PortDisabled
                0x000000000800c59e       0x1c Middlewares/ST/STM32_USB_Host_Library/Core/Src/usbh_core.o
                0x000000000800c59e                USBH_LL_PortDisabled
 .text.USBH_LL_Connect
                0x000000000800c5ba       0x2e Middlewares/ST/STM32_USB_Host_Library/Core/Src/usbh_core.o
                0x000000000800c5ba                USBH_LL_Connect
 .text.USBH_LL_Disconnect
                0x000000000800c5e8       0x48 Middlewares/ST/STM32_USB_Host_Library/Core/Src/usbh_core.o
                0x000000000800c5e8                USBH_LL_Disconnect
 .text.USBH_Get_DevDesc
                0x000000000800c630       0x50 Middlewares/ST/STM32_USB_Host_Library/Core/Src/usbh_ctlreq.o
                0x000000000800c630                USBH_Get_DevDesc
 .text.USBH_Get_CfgDesc
                0x000000000800c680       0x48 Middlewares/ST/STM32_USB_Host_Library/Core/Src/usbh_ctlreq.o
                0x000000000800c680                USBH_Get_CfgDesc
 .text.USBH_Get_StringDesc
                0x000000000800c6c8       0x56 Middlewares/ST/STM32_USB_Host_Library/Core/Src/usbh_ctlreq.o
                0x000000000800c6c8                USBH_Get_StringDesc
 .text.USBH_GetDescriptor
                0x000000000800c71e       0x6a Middlewares/ST/STM32_USB_Host_Library/Core/Src/usbh_ctlreq.o
                0x000000000800c71e                USBH_GetDescriptor
 .text.USBH_SetAddress
                0x000000000800c788       0x48 Middlewares/ST/STM32_USB_Host_Library/Core/Src/usbh_ctlreq.o
                0x000000000800c788                USBH_SetAddress
 .text.USBH_SetCfg
                0x000000000800c7d0       0x46 Middlewares/ST/STM32_USB_Host_Library/Core/Src/usbh_ctlreq.o
                0x000000000800c7d0                USBH_SetCfg
 .text.USBH_SetFeature
                0x000000000800c816       0x48 Middlewares/ST/STM32_USB_Host_Library/Core/Src/usbh_ctlreq.o
                0x000000000800c816                USBH_SetFeature
 .text.USBH_ClrFeature
                0x000000000800c85e       0x48 Middlewares/ST/STM32_USB_Host_Library/Core/Src/usbh_ctlreq.o
                0x000000000800c85e                USBH_ClrFeature
 .text.USBH_ParseDevDesc
                0x000000000800c8a6       0xe0 Middlewares/ST/STM32_USB_Host_Library/Core/Src/usbh_ctlreq.o
 .text.USBH_ParseCfgDesc
                0x000000000800c986      0x144 Middlewares/ST/STM32_USB_Host_Library/Core/Src/usbh_ctlreq.o
 .text.USBH_ParseInterfaceDesc
                0x000000000800caca       0x5e Middlewares/ST/STM32_USB_Host_Library/Core/Src/usbh_ctlreq.o
 .text.USBH_ParseEPDesc
                0x000000000800cb28       0x5a Middlewares/ST/STM32_USB_Host_Library/Core/Src/usbh_ctlreq.o
 .text.USBH_ParseStringDesc
                0x000000000800cb82       0x66 Middlewares/ST/STM32_USB_Host_Library/Core/Src/usbh_ctlreq.o
 .text.USBH_GetNextDesc
                0x000000000800cbe8       0x36 Middlewares/ST/STM32_USB_Host_Library/Core/Src/usbh_ctlreq.o
                0x000000000800cbe8                USBH_GetNextDesc
 .text.USBH_CtlReq
                0x000000000800cc1e       0x7a Middlewares/ST/STM32_USB_Host_Library/Core/Src/usbh_ctlreq.o
                0x000000000800cc1e                USBH_CtlReq
 .text.USBH_HandleControl
                0x000000000800cc98      0x2ec Middlewares/ST/STM32_USB_Host_Library/Core/Src/usbh_ctlreq.o
 .text.USBH_CtlSendSetup
                0x000000000800cf84       0x34 Middlewares/ST/STM32_USB_Host_Library/Core/Src/usbh_ioreq.o
                0x000000000800cf84                USBH_CtlSendSetup
 .text.USBH_CtlSendData
                0x000000000800cfb8       0x4a Middlewares/ST/STM32_USB_Host_Library/Core/Src/usbh_ioreq.o
                0x000000000800cfb8                USBH_CtlSendData
 .text.USBH_CtlReceiveData
                0x000000000800d002       0x3c Middlewares/ST/STM32_USB_Host_Library/Core/Src/usbh_ioreq.o
                0x000000000800d002                USBH_CtlReceiveData
 .text.USBH_BulkSendData
                0x000000000800d03e       0x4a Middlewares/ST/STM32_USB_Host_Library/Core/Src/usbh_ioreq.o
                0x000000000800d03e                USBH_BulkSendData
 .text.USBH_BulkReceiveData
                0x000000000800d088       0x3c Middlewares/ST/STM32_USB_Host_Library/Core/Src/usbh_ioreq.o
                0x000000000800d088                USBH_BulkReceiveData
 .text.USBH_OpenPipe
                0x000000000800d0c4       0x3e Middlewares/ST/STM32_USB_Host_Library/Core/Src/usbh_pipes.o
                0x000000000800d0c4                USBH_OpenPipe
 .text.USBH_ClosePipe
                0x000000000800d102       0x20 Middlewares/ST/STM32_USB_Host_Library/Core/Src/usbh_pipes.o
                0x000000000800d102                USBH_ClosePipe
 .text.USBH_AllocPipe
                0x000000000800d122       0x42 Middlewares/ST/STM32_USB_Host_Library/Core/Src/usbh_pipes.o
                0x000000000800d122                USBH_AllocPipe
 .text.USBH_FreePipe
                0x000000000800d164       0x3c Middlewares/ST/STM32_USB_Host_Library/Core/Src/usbh_pipes.o
                0x000000000800d164                USBH_FreePipe
 .text.USBH_GetFreePipe
                0x000000000800d1a0       0x48 Middlewares/ST/STM32_USB_Host_Library/Core/Src/usbh_pipes.o
 .text.MX_USB_HOST_Init
                0x000000000800d1e8       0x4c USB_HOST/App/usb_host.o
                0x000000000800d1e8                MX_USB_HOST_Init
 .text.MX_USB_HOST_Process
                0x000000000800d234       0x14 USB_HOST/App/usb_host.o
                0x000000000800d234                MX_USB_HOST_Process
 .text.USBH_UserProcess
                0x000000000800d248       0x5c USB_HOST/App/usb_host.o
 .text.HAL_HCD_MspInit
                0x000000000800d2a4       0xcc USB_HOST/Target/usbh_conf.o
                0x000000000800d2a4                HAL_HCD_MspInit
 .text.HAL_HCD_SOF_Callback
                0x000000000800d370       0x1c USB_HOST/Target/usbh_conf.o
                0x000000000800d370                HAL_HCD_SOF_Callback
 .text.HAL_HCD_Connect_Callback
                0x000000000800d38c       0x1c USB_HOST/Target/usbh_conf.o
                0x000000000800d38c                HAL_HCD_Connect_Callback
 .text.HAL_HCD_Disconnect_Callback
                0x000000000800d3a8       0x1c USB_HOST/Target/usbh_conf.o
                0x000000000800d3a8                HAL_HCD_Disconnect_Callback
 .text.HAL_HCD_HC_NotifyURBChange_Callback
                0x000000000800d3c4       0x1c USB_HOST/Target/usbh_conf.o
                0x000000000800d3c4                HAL_HCD_HC_NotifyURBChange_Callback
 .text.HAL_HCD_PortEnabled_Callback
                0x000000000800d3e0       0x1c USB_HOST/Target/usbh_conf.o
                0x000000000800d3e0                HAL_HCD_PortEnabled_Callback
 .text.HAL_HCD_PortDisabled_Callback
                0x000000000800d3fc       0x1c USB_HOST/Target/usbh_conf.o
                0x000000000800d3fc                HAL_HCD_PortDisabled_Callback
 .text.USBH_LL_Init
                0x000000000800d418       0x78 USB_HOST/Target/usbh_conf.o
                0x000000000800d418                USBH_LL_Init
 .text.USBH_LL_Start
                0x000000000800d490       0x36 USB_HOST/Target/usbh_conf.o
                0x000000000800d490                USBH_LL_Start
 .text.USBH_LL_Stop
                0x000000000800d4c6       0x36 USB_HOST/Target/usbh_conf.o
                0x000000000800d4c6                USBH_LL_Stop
 .text.USBH_LL_GetSpeed
                0x000000000800d4fc       0x4a USB_HOST/Target/usbh_conf.o
                0x000000000800d4fc                USBH_LL_GetSpeed
 .text.USBH_LL_ResetPort
                0x000000000800d546       0x36 USB_HOST/Target/usbh_conf.o
                0x000000000800d546                USBH_LL_ResetPort
 .text.USBH_LL_GetLastXferSize
                0x000000000800d57c       0x26 USB_HOST/Target/usbh_conf.o
                0x000000000800d57c                USBH_LL_GetLastXferSize
 .text.USBH_LL_OpenPipe
                0x000000000800d5a2       0x5e USB_HOST/Target/usbh_conf.o
                0x000000000800d5a2                USBH_LL_OpenPipe
 .text.USBH_LL_ClosePipe
                0x000000000800d600       0x3e USB_HOST/Target/usbh_conf.o
                0x000000000800d600                USBH_LL_ClosePipe
 .text.USBH_LL_SubmitURB
                0x000000000800d63e       0x62 USB_HOST/Target/usbh_conf.o
                0x000000000800d63e                USBH_LL_SubmitURB
 .text.USBH_LL_GetURBState
                0x000000000800d6a0       0x26 USB_HOST/Target/usbh_conf.o
                0x000000000800d6a0                USBH_LL_GetURBState
 .text.USBH_LL_DriverVBUS
                0x000000000800d6c6       0x2e USB_HOST/Target/usbh_conf.o
                0x000000000800d6c6                USBH_LL_DriverVBUS
 .text.USBH_LL_SetToggle
                0x000000000800d6f4       0x66 USB_HOST/Target/usbh_conf.o
                0x000000000800d6f4                USBH_LL_SetToggle
 .text.USBH_Delay
                0x000000000800d75a       0x16 USB_HOST/Target/usbh_conf.o
                0x000000000800d75a                USBH_Delay
 .text.USBH_Get_USB_Status
                0x000000000800d770       0x58 USB_HOST/Target/usbh_conf.o
                0x000000000800d770                USBH_Get_USB_Status
 .text.MX_DriverVbusFS
                0x000000000800d7c8       0x38 USB_HOST/Target/usbh_platform.o
                0x000000000800d7c8                MX_DriverVbusFS
 .text.arm_max_f32
                0x000000000800d800       0xd8 C:\Users\YuJin\STM32Cube\Repository\STM32Cube_FW_L4_V1.16.0\Drivers\CMSIS\DSP\Lib\GCC\libarm_cortexM4lf_math.a(arm_max_f32.o)
                0x000000000800d800                arm_max_f32
 .text.arm_cfft_radix8by2_f32
                0x000000000800d8d8      0x1a0 C:\Users\YuJin\STM32Cube\Repository\STM32Cube_FW_L4_V1.16.0\Drivers\CMSIS\DSP\Lib\GCC\libarm_cortexM4lf_math.a(arm_cfft_f32.o)
                0x000000000800d8d8                arm_cfft_radix8by2_f32
 .text.arm_cfft_radix8by4_f32
                0x000000000800da78      0x4ac C:\Users\YuJin\STM32Cube\Repository\STM32Cube_FW_L4_V1.16.0\Drivers\CMSIS\DSP\Lib\GCC\libarm_cortexM4lf_math.a(arm_cfft_f32.o)
                0x000000000800da78                arm_cfft_radix8by4_f32
 .text.arm_cfft_f32
                0x000000000800df24       0xf0 C:\Users\YuJin\STM32Cube\Repository\STM32Cube_FW_L4_V1.16.0\Drivers\CMSIS\DSP\Lib\GCC\libarm_cortexM4lf_math.a(arm_cfft_f32.o)
                0x000000000800df24                arm_cfft_f32
 .text.arm_bitreversal_32
                0x000000000800e014       0x40 C:\Users\YuJin\STM32Cube\Repository\STM32Cube_FW_L4_V1.16.0\Drivers\CMSIS\DSP\Lib\GCC\libarm_cortexM4lf_math.a(arm_bitreversal2.o)
                0x000000000800e014                arm_bitreversal_32
 .text.arm_cmplx_mag_f32
                0x000000000800e054      0x248 C:\Users\YuJin\STM32Cube\Repository\STM32Cube_FW_L4_V1.16.0\Drivers\CMSIS\DSP\Lib\GCC\libarm_cortexM4lf_math.a(arm_cmplx_mag_f32.o)
                0x000000000800e054                arm_cmplx_mag_f32
 .text.arm_radix8_butterfly_f32
                0x000000000800e29c      0x580 C:\Users\YuJin\STM32Cube\Repository\STM32Cube_FW_L4_V1.16.0\Drivers\CMSIS\DSP\Lib\GCC\libarm_cortexM4lf_math.a(arm_cfft_radix8_f32.o)
                0x000000000800e29c                arm_radix8_butterfly_f32
 .text.__errno  0x000000000800e81c        0xc c:/st/stm32cubeide_1.5.0/stm32cubeide/plugins/com.st.stm32cube.ide.mcu.externaltools.gnu-tools-for-stm32.7-2018-q2-update.win32_1.5.0.202011040924/tools/bin/../lib/gcc/arm-none-eabi/7.3.1/../../../../arm-none-eabi/lib/thumb/v7e-m/fpv4-sp/hard\libc_nano.a(lib_a-errno.o)
                0x000000000800e81c                __errno
 .text.__libc_init_array
                0x000000000800e828       0x48 c:/st/stm32cubeide_1.5.0/stm32cubeide/plugins/com.st.stm32cube.ide.mcu.externaltools.gnu-tools-for-stm32.7-2018-q2-update.win32_1.5.0.202011040924/tools/bin/../lib/gcc/arm-none-eabi/7.3.1/../../../../arm-none-eabi/lib/thumb/v7e-m/fpv4-sp/hard\libc_nano.a(lib_a-init.o)
                0x000000000800e828                __libc_init_array
 .text.malloc   0x000000000800e870       0x10 c:/st/stm32cubeide_1.5.0/stm32cubeide/plugins/com.st.stm32cube.ide.mcu.externaltools.gnu-tools-for-stm32.7-2018-q2-update.win32_1.5.0.202011040924/tools/bin/../lib/gcc/arm-none-eabi/7.3.1/../../../../arm-none-eabi/lib/thumb/v7e-m/fpv4-sp/hard\libc_nano.a(lib_a-malloc.o)
                0x000000000800e870                malloc
 .text.free     0x000000000800e880       0x10 c:/st/stm32cubeide_1.5.0/stm32cubeide/plugins/com.st.stm32cube.ide.mcu.externaltools.gnu-tools-for-stm32.7-2018-q2-update.win32_1.5.0.202011040924/tools/bin/../lib/gcc/arm-none-eabi/7.3.1/../../../../arm-none-eabi/lib/thumb/v7e-m/fpv4-sp/hard\libc_nano.a(lib_a-malloc.o)
                0x000000000800e880                free
 .text.memset   0x000000000800e890       0x10 c:/st/stm32cubeide_1.5.0/stm32cubeide/plugins/com.st.stm32cube.ide.mcu.externaltools.gnu-tools-for-stm32.7-2018-q2-update.win32_1.5.0.202011040924/tools/bin/../lib/gcc/arm-none-eabi/7.3.1/../../../../arm-none-eabi/lib/thumb/v7e-m/fpv4-sp/hard\libc_nano.a(lib_a-memset.o)
                0x000000000800e890                memset
 .text._free_r  0x000000000800e8a0       0x9c c:/st/stm32cubeide_1.5.0/stm32cubeide/plugins/com.st.stm32cube.ide.mcu.externaltools.gnu-tools-for-stm32.7-2018-q2-update.win32_1.5.0.202011040924/tools/bin/../lib/gcc/arm-none-eabi/7.3.1/../../../../arm-none-eabi/lib/thumb/v7e-m/fpv4-sp/hard\libc_nano.a(lib_a-nano-freer.o)
                0x000000000800e8a0                _free_r
 .text._malloc_r
                0x000000000800e93c       0xb4 c:/st/stm32cubeide_1.5.0/stm32cubeide/plugins/com.st.stm32cube.ide.mcu.externaltools.gnu-tools-for-stm32.7-2018-q2-update.win32_1.5.0.202011040924/tools/bin/../lib/gcc/arm-none-eabi/7.3.1/../../../../arm-none-eabi/lib/thumb/v7e-m/fpv4-sp/hard\libc_nano.a(lib_a-nano-mallocr.o)
                0x000000000800e93c                _malloc_r
 .text.printf   0x000000000800e9f0       0x30 c:/st/stm32cubeide_1.5.0/stm32cubeide/plugins/com.st.stm32cube.ide.mcu.externaltools.gnu-tools-for-stm32.7-2018-q2-update.win32_1.5.0.202011040924/tools/bin/../lib/gcc/arm-none-eabi/7.3.1/../../../../arm-none-eabi/lib/thumb/v7e-m/fpv4-sp/hard\libc_nano.a(lib_a-printf.o)
                0x000000000800e9f0                iprintf
                0x000000000800e9f0                printf
 .text._sbrk_r  0x000000000800ea20       0x20 c:/st/stm32cubeide_1.5.0/stm32cubeide/plugins/com.st.stm32cube.ide.mcu.externaltools.gnu-tools-for-stm32.7-2018-q2-update.win32_1.5.0.202011040924/tools/bin/../lib/gcc/arm-none-eabi/7.3.1/../../../../arm-none-eabi/lib/thumb/v7e-m/fpv4-sp/hard\libc_nano.a(lib_a-sbrkr.o)
                0x000000000800ea20                _sbrk_r
 .text.__swbuf_r
                0x000000000800ea40       0xa4 c:/st/stm32cubeide_1.5.0/stm32cubeide/plugins/com.st.stm32cube.ide.mcu.externaltools.gnu-tools-for-stm32.7-2018-q2-update.win32_1.5.0.202011040924/tools/bin/../lib/gcc/arm-none-eabi/7.3.1/../../../../arm-none-eabi/lib/thumb/v7e-m/fpv4-sp/hard\libc_nano.a(lib_a-wbuf.o)
                0x000000000800ea40                __swbuf_r
 .text.__swsetup_r
                0x000000000800eae4       0xdc c:/st/stm32cubeide_1.5.0/stm32cubeide/plugins/com.st.stm32cube.ide.mcu.externaltools.gnu-tools-for-stm32.7-2018-q2-update.win32_1.5.0.202011040924/tools/bin/../lib/gcc/arm-none-eabi/7.3.1/../../../../arm-none-eabi/lib/thumb/v7e-m/fpv4-sp/hard\libc_nano.a(lib_a-wsetup.o)
                0x000000000800eae4                __swsetup_r
 .text.__sflush_r
                0x000000000800ebc0      0x10c c:/st/stm32cubeide_1.5.0/stm32cubeide/plugins/com.st.stm32cube.ide.mcu.externaltools.gnu-tools-for-stm32.7-2018-q2-update.win32_1.5.0.202011040924/tools/bin/../lib/gcc/arm-none-eabi/7.3.1/../../../../arm-none-eabi/lib/thumb/v7e-m/fpv4-sp/hard\libc_nano.a(lib_a-fflush.o)
                0x000000000800ebc0                __sflush_r
 .text._fflush_r
                0x000000000800eccc       0x54 c:/st/stm32cubeide_1.5.0/stm32cubeide/plugins/com.st.stm32cube.ide.mcu.externaltools.gnu-tools-for-stm32.7-2018-q2-update.win32_1.5.0.202011040924/tools/bin/../lib/gcc/arm-none-eabi/7.3.1/../../../../arm-none-eabi/lib/thumb/v7e-m/fpv4-sp/hard\libc_nano.a(lib_a-fflush.o)
                0x000000000800eccc                _fflush_r
 .text.std      0x000000000800ed20       0x48 c:/st/stm32cubeide_1.5.0/stm32cubeide/plugins/com.st.stm32cube.ide.mcu.externaltools.gnu-tools-for-stm32.7-2018-q2-update.win32_1.5.0.202011040924/tools/bin/../lib/gcc/arm-none-eabi/7.3.1/../../../../arm-none-eabi/lib/thumb/v7e-m/fpv4-sp/hard\libc_nano.a(lib_a-findfp.o)
 .text._cleanup_r
                0x000000000800ed68        0xc c:/st/stm32cubeide_1.5.0/stm32cubeide/plugins/com.st.stm32cube.ide.mcu.externaltools.gnu-tools-for-stm32.7-2018-q2-update.win32_1.5.0.202011040924/tools/bin/../lib/gcc/arm-none-eabi/7.3.1/../../../../arm-none-eabi/lib/thumb/v7e-m/fpv4-sp/hard\libc_nano.a(lib_a-findfp.o)
                0x000000000800ed68                _cleanup_r
 .text.__sfmoreglue
                0x000000000800ed74       0x2c c:/st/stm32cubeide_1.5.0/stm32cubeide/plugins/com.st.stm32cube.ide.mcu.externaltools.gnu-tools-for-stm32.7-2018-q2-update.win32_1.5.0.202011040924/tools/bin/../lib/gcc/arm-none-eabi/7.3.1/../../../../arm-none-eabi/lib/thumb/v7e-m/fpv4-sp/hard\libc_nano.a(lib_a-findfp.o)
                0x000000000800ed74                __sfmoreglue
 .text.__sinit  0x000000000800eda0       0x60 c:/st/stm32cubeide_1.5.0/stm32cubeide/plugins/com.st.stm32cube.ide.mcu.externaltools.gnu-tools-for-stm32.7-2018-q2-update.win32_1.5.0.202011040924/tools/bin/../lib/gcc/arm-none-eabi/7.3.1/../../../../arm-none-eabi/lib/thumb/v7e-m/fpv4-sp/hard\libc_nano.a(lib_a-findfp.o)
                0x000000000800eda0                __sinit
 .text.__sfp    0x000000000800ee00       0x78 c:/st/stm32cubeide_1.5.0/stm32cubeide/plugins/com.st.stm32cube.ide.mcu.externaltools.gnu-tools-for-stm32.7-2018-q2-update.win32_1.5.0.202011040924/tools/bin/../lib/gcc/arm-none-eabi/7.3.1/../../../../arm-none-eabi/lib/thumb/v7e-m/fpv4-sp/hard\libc_nano.a(lib_a-findfp.o)
                0x000000000800ee00                __sfp
 .text._fwalk_reent
                0x000000000800ee78       0x3c c:/st/stm32cubeide_1.5.0/stm32cubeide/plugins/com.st.stm32cube.ide.mcu.externaltools.gnu-tools-for-stm32.7-2018-q2-update.win32_1.5.0.202011040924/tools/bin/../lib/gcc/arm-none-eabi/7.3.1/../../../../arm-none-eabi/lib/thumb/v7e-m/fpv4-sp/hard\libc_nano.a(lib_a-fwalk.o)
                0x000000000800ee78                _fwalk_reent
 .text.__swhatbuf_r
                0x000000000800eeb4       0x48 c:/st/stm32cubeide_1.5.0/stm32cubeide/plugins/com.st.stm32cube.ide.mcu.externaltools.gnu-tools-for-stm32.7-2018-q2-update.win32_1.5.0.202011040924/tools/bin/../lib/gcc/arm-none-eabi/7.3.1/../../../../arm-none-eabi/lib/thumb/v7e-m/fpv4-sp/hard\libc_nano.a(lib_a-makebuf.o)
                0x000000000800eeb4                __swhatbuf_r
 .text.__smakebuf_r
                0x000000000800eefc       0x80 c:/st/stm32cubeide_1.5.0/stm32cubeide/plugins/com.st.stm32cube.ide.mcu.externaltools.gnu-tools-for-stm32.7-2018-q2-update.win32_1.5.0.202011040924/tools/bin/../lib/gcc/arm-none-eabi/7.3.1/../../../../arm-none-eabi/lib/thumb/v7e-m/fpv4-sp/hard\libc_nano.a(lib_a-makebuf.o)
                0x000000000800eefc                __smakebuf_r
 .text.__malloc_lock
                0x000000000800ef7c        0x2 c:/st/stm32cubeide_1.5.0/stm32cubeide/plugins/com.st.stm32cube.ide.mcu.externaltools.gnu-tools-for-stm32.7-2018-q2-update.win32_1.5.0.202011040924/tools/bin/../lib/gcc/arm-none-eabi/7.3.1/../../../../arm-none-eabi/lib/thumb/v7e-m/fpv4-sp/hard\libc_nano.a(lib_a-mlock.o)
                0x000000000800ef7c                __malloc_lock
 .text.__malloc_unlock
                0x000000000800ef7e        0x2 c:/st/stm32cubeide_1.5.0/stm32cubeide/plugins/com.st.stm32cube.ide.mcu.externaltools.gnu-tools-for-stm32.7-2018-q2-update.win32_1.5.0.202011040924/tools/bin/../lib/gcc/arm-none-eabi/7.3.1/../../../../arm-none-eabi/lib/thumb/v7e-m/fpv4-sp/hard\libc_nano.a(lib_a-mlock.o)
                0x000000000800ef7e                __malloc_unlock
 .text.__sfputc_r
                0x000000000800ef80       0x2e c:/st/stm32cubeide_1.5.0/stm32cubeide/plugins/com.st.stm32cube.ide.mcu.externaltools.gnu-tools-for-stm32.7-2018-q2-update.win32_1.5.0.202011040924/tools/bin/../lib/gcc/arm-none-eabi/7.3.1/../../../../arm-none-eabi/lib/thumb/v7e-m/fpv4-sp/hard\libc_nano.a(lib_a-nano-vfprintf.o)
 .text.__sfputs_r
                0x000000000800efae       0x24 c:/st/stm32cubeide_1.5.0/stm32cubeide/plugins/com.st.stm32cube.ide.mcu.externaltools.gnu-tools-for-stm32.7-2018-q2-update.win32_1.5.0.202011040924/tools/bin/../lib/gcc/arm-none-eabi/7.3.1/../../../../arm-none-eabi/lib/thumb/v7e-m/fpv4-sp/hard\libc_nano.a(lib_a-nano-vfprintf.o)
                0x000000000800efae                __sfputs_r
 *fill*         0x000000000800efd2        0x2 
 .text._vfprintf_r
                0x000000000800efd4      0x22c c:/st/stm32cubeide_1.5.0/stm32cubeide/plugins/com.st.stm32cube.ide.mcu.externaltools.gnu-tools-for-stm32.7-2018-q2-update.win32_1.5.0.202011040924/tools/bin/../lib/gcc/arm-none-eabi/7.3.1/../../../../arm-none-eabi/lib/thumb/v7e-m/fpv4-sp/hard\libc_nano.a(lib_a-nano-vfprintf.o)
                0x000000000800efd4                _vfprintf_r
                0x000000000800efd4                _vfiprintf_r
 .text._printf_common
                0x000000000800f200       0xea c:/st/stm32cubeide_1.5.0/stm32cubeide/plugins/com.st.stm32cube.ide.mcu.externaltools.gnu-tools-for-stm32.7-2018-q2-update.win32_1.5.0.202011040924/tools/bin/../lib/gcc/arm-none-eabi/7.3.1/../../../../arm-none-eabi/lib/thumb/v7e-m/fpv4-sp/hard\libc_nano.a(lib_a-nano-vfprintf_i.o)
                0x000000000800f200                _printf_common
 *fill*         0x000000000800f2ea        0x2 
 .text._printf_i
                0x000000000800f2ec      0x224 c:/st/stm32cubeide_1.5.0/stm32cubeide/plugins/com.st.stm32cube.ide.mcu.externaltools.gnu-tools-for-stm32.7-2018-q2-update.win32_1.5.0.202011040924/tools/bin/../lib/gcc/arm-none-eabi/7.3.1/../../../../arm-none-eabi/lib/thumb/v7e-m/fpv4-sp/hard\libc_nano.a(lib_a-nano-vfprintf_i.o)
                0x000000000800f2ec                _printf_i
 .text.__sread  0x000000000800f510       0x22 c:/st/stm32cubeide_1.5.0/stm32cubeide/plugins/com.st.stm32cube.ide.mcu.externaltools.gnu-tools-for-stm32.7-2018-q2-update.win32_1.5.0.202011040924/tools/bin/../lib/gcc/arm-none-eabi/7.3.1/../../../../arm-none-eabi/lib/thumb/v7e-m/fpv4-sp/hard\libc_nano.a(lib_a-stdio.o)
                0x000000000800f510                __sread
 .text.__swrite
                0x000000000800f532       0x38 c:/st/stm32cubeide_1.5.0/stm32cubeide/plugins/com.st.stm32cube.ide.mcu.externaltools.gnu-tools-for-stm32.7-2018-q2-update.win32_1.5.0.202011040924/tools/bin/../lib/gcc/arm-none-eabi/7.3.1/../../../../arm-none-eabi/lib/thumb/v7e-m/fpv4-sp/hard\libc_nano.a(lib_a-stdio.o)
                0x000000000800f532                __swrite
 .text.__sseek  0x000000000800f56a       0x24 c:/st/stm32cubeide_1.5.0/stm32cubeide/plugins/com.st.stm32cube.ide.mcu.externaltools.gnu-tools-for-stm32.7-2018-q2-update.win32_1.5.0.202011040924/tools/bin/../lib/gcc/arm-none-eabi/7.3.1/../../../../arm-none-eabi/lib/thumb/v7e-m/fpv4-sp/hard\libc_nano.a(lib_a-stdio.o)
                0x000000000800f56a                __sseek
 .text.__sclose
                0x000000000800f58e        0x8 c:/st/stm32cubeide_1.5.0/stm32cubeide/plugins/com.st.stm32cube.ide.mcu.externaltools.gnu-tools-for-stm32.7-2018-q2-update.win32_1.5.0.202011040924/tools/bin/../lib/gcc/arm-none-eabi/7.3.1/../../../../arm-none-eabi/lib/thumb/v7e-m/fpv4-sp/hard\libc_nano.a(lib_a-stdio.o)
                0x000000000800f58e                __sclose
 *fill*         0x000000000800f596        0x2 
 .text._write_r
                0x000000000800f598       0x24 c:/st/stm32cubeide_1.5.0/stm32cubeide/plugins/com.st.stm32cube.ide.mcu.externaltools.gnu-tools-for-stm32.7-2018-q2-update.win32_1.5.0.202011040924/tools/bin/../lib/gcc/arm-none-eabi/7.3.1/../../../../arm-none-eabi/lib/thumb/v7e-m/fpv4-sp/hard\libc_nano.a(lib_a-writer.o)
                0x000000000800f598                _write_r
 .text._close_r
                0x000000000800f5bc       0x20 c:/st/stm32cubeide_1.5.0/stm32cubeide/plugins/com.st.stm32cube.ide.mcu.externaltools.gnu-tools-for-stm32.7-2018-q2-update.win32_1.5.0.202011040924/tools/bin/../lib/gcc/arm-none-eabi/7.3.1/../../../../arm-none-eabi/lib/thumb/v7e-m/fpv4-sp/hard\libc_nano.a(lib_a-closer.o)
                0x000000000800f5bc                _close_r
 .text._fstat_r
                0x000000000800f5dc       0x24 c:/st/stm32cubeide_1.5.0/stm32cubeide/plugins/com.st.stm32cube.ide.mcu.externaltools.gnu-tools-for-stm32.7-2018-q2-update.win32_1.5.0.202011040924/tools/bin/../lib/gcc/arm-none-eabi/7.3.1/../../../../arm-none-eabi/lib/thumb/v7e-m/fpv4-sp/hard\libc_nano.a(lib_a-fstatr.o)
                0x000000000800f5dc                _fstat_r
 .text._isatty_r
                0x000000000800f600       0x20 c:/st/stm32cubeide_1.5.0/stm32cubeide/plugins/com.st.stm32cube.ide.mcu.externaltools.gnu-tools-for-stm32.7-2018-q2-update.win32_1.5.0.202011040924/tools/bin/../lib/gcc/arm-none-eabi/7.3.1/../../../../arm-none-eabi/lib/thumb/v7e-m/fpv4-sp/hard\libc_nano.a(lib_a-isattyr.o)
                0x000000000800f600                _isatty_r
 .text._lseek_r
                0x000000000800f620       0x24 c:/st/stm32cubeide_1.5.0/stm32cubeide/plugins/com.st.stm32cube.ide.mcu.externaltools.gnu-tools-for-stm32.7-2018-q2-update.win32_1.5.0.202011040924/tools/bin/../lib/gcc/arm-none-eabi/7.3.1/../../../../arm-none-eabi/lib/thumb/v7e-m/fpv4-sp/hard\libc_nano.a(lib_a-lseekr.o)
                0x000000000800f620                _lseek_r
 .text._read_r  0x000000000800f644       0x24 c:/st/stm32cubeide_1.5.0/stm32cubeide/plugins/com.st.stm32cube.ide.mcu.externaltools.gnu-tools-for-stm32.7-2018-q2-update.win32_1.5.0.202011040924/tools/bin/../lib/gcc/arm-none-eabi/7.3.1/../../../../arm-none-eabi/lib/thumb/v7e-m/fpv4-sp/hard\libc_nano.a(lib_a-readr.o)
                0x000000000800f644                _read_r
 .text.sqrtf    0x000000000800f668       0xa0 c:/st/stm32cubeide_1.5.0/stm32cubeide/plugins/com.st.stm32cube.ide.mcu.externaltools.gnu-tools-for-stm32.7-2018-q2-update.win32_1.5.0.202011040924/tools/bin/../lib/gcc/arm-none-eabi/7.3.1/../../../../arm-none-eabi/lib/thumb/v7e-m/fpv4-sp/hard\libm.a(lib_a-wf_sqrt.o)
                0x000000000800f668                sqrtf
 .text.__ieee754_sqrtf
                0x000000000800f708        0x6 c:/st/stm32cubeide_1.5.0/stm32cubeide/plugins/com.st.stm32cube.ide.mcu.externaltools.gnu-tools-for-stm32.7-2018-q2-update.win32_1.5.0.202011040924/tools/bin/../lib/gcc/arm-none-eabi/7.3.1/../../../../arm-none-eabi/lib/thumb/v7e-m/fpv4-sp/hard\libm.a(lib_a-ef_sqrt.o)
                0x000000000800f708                __ieee754_sqrtf
 .text.matherr  0x000000000800f70e        0x4 c:/st/stm32cubeide_1.5.0/stm32cubeide/plugins/com.st.stm32cube.ide.mcu.externaltools.gnu-tools-for-stm32.7-2018-q2-update.win32_1.5.0.202011040924/tools/bin/../lib/gcc/arm-none-eabi/7.3.1/../../../../arm-none-eabi/lib/thumb/v7e-m/fpv4-sp/hard\libm.a(lib_a-s_matherr.o)
                0x000000000800f70e                matherr
 *(.glue_7)
 .glue_7        0x000000000800f712        0x0 linker stubs
 *(.glue_7t)
 .glue_7t       0x000000000800f712        0x0 linker stubs
 *(.eh_frame)
 *fill*         0x000000000800f712        0x2 
 .eh_frame      0x000000000800f714        0x0 c:/st/stm32cubeide_1.5.0/stm32cubeide/plugins/com.st.stm32cube.ide.mcu.externaltools.gnu-tools-for-stm32.7-2018-q2-update.win32_1.5.0.202011040924/tools/bin/../lib/gcc/arm-none-eabi/7.3.1/thumb/v7e-m/fpv4-sp/hard/crtbegin.o
 *(.init)
 .init          0x000000000800f714        0x4 c:/st/stm32cubeide_1.5.0/stm32cubeide/plugins/com.st.stm32cube.ide.mcu.externaltools.gnu-tools-for-stm32.7-2018-q2-update.win32_1.5.0.202011040924/tools/bin/../lib/gcc/arm-none-eabi/7.3.1/thumb/v7e-m/fpv4-sp/hard/crti.o
                0x000000000800f714                _init
 .init          0x000000000800f718        0x8 c:/st/stm32cubeide_1.5.0/stm32cubeide/plugins/com.st.stm32cube.ide.mcu.externaltools.gnu-tools-for-stm32.7-2018-q2-update.win32_1.5.0.202011040924/tools/bin/../lib/gcc/arm-none-eabi/7.3.1/thumb/v7e-m/fpv4-sp/hard/crtn.o
 *(.fini)
 .fini          0x000000000800f720        0x4 c:/st/stm32cubeide_1.5.0/stm32cubeide/plugins/com.st.stm32cube.ide.mcu.externaltools.gnu-tools-for-stm32.7-2018-q2-update.win32_1.5.0.202011040924/tools/bin/../lib/gcc/arm-none-eabi/7.3.1/thumb/v7e-m/fpv4-sp/hard/crti.o
                0x000000000800f720                _fini
 .fini          0x000000000800f724        0x8 c:/st/stm32cubeide_1.5.0/stm32cubeide/plugins/com.st.stm32cube.ide.mcu.externaltools.gnu-tools-for-stm32.7-2018-q2-update.win32_1.5.0.202011040924/tools/bin/../lib/gcc/arm-none-eabi/7.3.1/thumb/v7e-m/fpv4-sp/hard/crtn.o
                0x000000000800f72c                . = ALIGN (0x4)
                0x000000000800f72c                _etext = .

.vfp11_veneer   0x000000000800f72c        0x0
 .vfp11_veneer  0x000000000800f72c        0x0 linker stubs

.v4_bx          0x000000000800f72c        0x0
 .v4_bx         0x000000000800f72c        0x0 linker stubs

.iplt           0x000000000800f72c        0x0
 .iplt          0x000000000800f72c        0x0 c:/st/stm32cubeide_1.5.0/stm32cubeide/plugins/com.st.stm32cube.ide.mcu.externaltools.gnu-tools-for-stm32.7-2018-q2-update.win32_1.5.0.202011040924/tools/bin/../lib/gcc/arm-none-eabi/7.3.1/thumb/v7e-m/fpv4-sp/hard/crtbegin.o

.rodata         0x000000000800f72c     0xa0a0
                0x000000000800f72c                . = ALIGN (0x4)
 *(.rodata)
 .rodata        0x000000000800f72c       0x18 Core/Src/main.o
 .rodata        0x000000000800f744        0xb Core/Src/stm32l4xx_it.o
 *fill*         0x000000000800f74f        0x1 
 .rodata        0x000000000800f750        0x4 Middlewares/ST/STM32_USB_Host_Library/Class/CDC/Src/usbh_cdc.o
 *(.rodata*)
 .rodata.AHBPrescTable
                0x000000000800f754       0x10 Core/Src/system_stm32l4xx.o
                0x000000000800f754                AHBPrescTable
 .rodata.APBPrescTable
                0x000000000800f764        0x8 Core/Src/system_stm32l4xx.o
                0x000000000800f764                APBPrescTable
 .rodata.MSIRangeTable
                0x000000000800f76c       0x30 Core/Src/system_stm32l4xx.o
                0x000000000800f76c                MSIRangeTable
 .rodata.arm_cfft_sR_f32_len4096
                0x000000000800f79c       0x10 C:\Users\YuJin\STM32Cube\Repository\STM32Cube_FW_L4_V1.16.0\Drivers\CMSIS\DSP\Lib\GCC\libarm_cortexM4lf_math.a(arm_const_structs.o)
                0x000000000800f79c                arm_cfft_sR_f32_len4096
 .rodata.armBitRevIndexTable4096
                0x000000000800f7ac     0x1f80 C:\Users\YuJin\STM32Cube\Repository\STM32Cube_FW_L4_V1.16.0\Drivers\CMSIS\DSP\Lib\GCC\libarm_cortexM4lf_math.a(arm_common_tables.o)
                0x000000000800f7ac                armBitRevIndexTable4096
 .rodata.twiddleCoef_4096
                0x000000000801172c     0x8000 C:\Users\YuJin\STM32Cube\Repository\STM32Cube_FW_L4_V1.16.0\Drivers\CMSIS\DSP\Lib\GCC\libarm_cortexM4lf_math.a(arm_common_tables.o)
                0x000000000801172c                twiddleCoef_4096
 .rodata._global_impure_ptr
                0x000000000801972c        0x4 c:/st/stm32cubeide_1.5.0/stm32cubeide/plugins/com.st.stm32cube.ide.mcu.externaltools.gnu-tools-for-stm32.7-2018-q2-update.win32_1.5.0.202011040924/tools/bin/../lib/gcc/arm-none-eabi/7.3.1/../../../../arm-none-eabi/lib/thumb/v7e-m/fpv4-sp/hard\libc_nano.a(lib_a-impure.o)
                0x000000000801972c                _global_impure_ptr
 .rodata.__sf_fake_stderr
                0x0000000008019730       0x20 c:/st/stm32cubeide_1.5.0/stm32cubeide/plugins/com.st.stm32cube.ide.mcu.externaltools.gnu-tools-for-stm32.7-2018-q2-update.win32_1.5.0.202011040924/tools/bin/../lib/gcc/arm-none-eabi/7.3.1/../../../../arm-none-eabi/lib/thumb/v7e-m/fpv4-sp/hard\libc_nano.a(lib_a-findfp.o)
                0x0000000008019730                __sf_fake_stderr
 .rodata.__sf_fake_stdin
                0x0000000008019750       0x20 c:/st/stm32cubeide_1.5.0/stm32cubeide/plugins/com.st.stm32cube.ide.mcu.externaltools.gnu-tools-for-stm32.7-2018-q2-update.win32_1.5.0.202011040924/tools/bin/../lib/gcc/arm-none-eabi/7.3.1/../../../../arm-none-eabi/lib/thumb/v7e-m/fpv4-sp/hard\libc_nano.a(lib_a-findfp.o)
                0x0000000008019750                __sf_fake_stdin
 .rodata.__sf_fake_stdout
                0x0000000008019770       0x20 c:/st/stm32cubeide_1.5.0/stm32cubeide/plugins/com.st.stm32cube.ide.mcu.externaltools.gnu-tools-for-stm32.7-2018-q2-update.win32_1.5.0.202011040924/tools/bin/../lib/gcc/arm-none-eabi/7.3.1/../../../../arm-none-eabi/lib/thumb/v7e-m/fpv4-sp/hard\libc_nano.a(lib_a-findfp.o)
                0x0000000008019770                __sf_fake_stdout
 .rodata._vfprintf_r.str1.1
                0x0000000008019790       0x11 c:/st/stm32cubeide_1.5.0/stm32cubeide/plugins/com.st.stm32cube.ide.mcu.externaltools.gnu-tools-for-stm32.7-2018-q2-update.win32_1.5.0.202011040924/tools/bin/../lib/gcc/arm-none-eabi/7.3.1/../../../../arm-none-eabi/lib/thumb/v7e-m/fpv4-sp/hard\libc_nano.a(lib_a-nano-vfprintf.o)
 .rodata._printf_i.str1.1
                0x00000000080197a1       0x22 c:/st/stm32cubeide_1.5.0/stm32cubeide/plugins/com.st.stm32cube.ide.mcu.externaltools.gnu-tools-for-stm32.7-2018-q2-update.win32_1.5.0.202011040924/tools/bin/../lib/gcc/arm-none-eabi/7.3.1/../../../../arm-none-eabi/lib/thumb/v7e-m/fpv4-sp/hard\libc_nano.a(lib_a-nano-vfprintf_i.o)
 .rodata.sqrtf.str1.1
                0x00000000080197c3        0x6 c:/st/stm32cubeide_1.5.0/stm32cubeide/plugins/com.st.stm32cube.ide.mcu.externaltools.gnu-tools-for-stm32.7-2018-q2-update.win32_1.5.0.202011040924/tools/bin/../lib/gcc/arm-none-eabi/7.3.1/../../../../arm-none-eabi/lib/thumb/v7e-m/fpv4-sp/hard\libm.a(lib_a-wf_sqrt.o)
                0x00000000080197cc                . = ALIGN (0x4)
 *fill*         0x00000000080197c9        0x3 

.ARM.extab      0x00000000080197cc        0x0
                0x00000000080197cc                . = ALIGN (0x4)
 *(.ARM.extab* .gnu.linkonce.armextab.*)
                0x00000000080197cc                . = ALIGN (0x4)

.ARM            0x00000000080197cc        0x8
                0x00000000080197cc                . = ALIGN (0x4)
                0x00000000080197cc                __exidx_start = .
 *(.ARM.exidx*)
 .ARM.exidx     0x00000000080197cc        0x8 c:/st/stm32cubeide_1.5.0/stm32cubeide/plugins/com.st.stm32cube.ide.mcu.externaltools.gnu-tools-for-stm32.7-2018-q2-update.win32_1.5.0.202011040924/tools/bin/../lib/gcc/arm-none-eabi/7.3.1/thumb/v7e-m/fpv4-sp/hard\libgcc.a(_udivmoddi4.o)
                0x00000000080197d4                __exidx_end = .
                0x00000000080197d4                . = ALIGN (0x4)

.rel.dyn        0x00000000080197d4        0x0
 .rel.iplt      0x00000000080197d4        0x0 c:/st/stm32cubeide_1.5.0/stm32cubeide/plugins/com.st.stm32cube.ide.mcu.externaltools.gnu-tools-for-stm32.7-2018-q2-update.win32_1.5.0.202011040924/tools/bin/../lib/gcc/arm-none-eabi/7.3.1/thumb/v7e-m/fpv4-sp/hard/crtbegin.o

.preinit_array  0x00000000080197d4        0x0
                0x00000000080197d4                . = ALIGN (0x4)
                0x00000000080197d4                PROVIDE (__preinit_array_start = .)
 *(.preinit_array*)
                0x00000000080197d4                PROVIDE (__preinit_array_end = .)
                0x00000000080197d4                . = ALIGN (0x4)

.init_array     0x00000000080197d4        0x4
                0x00000000080197d4                . = ALIGN (0x4)